Archive member included to satisfy reference by file (symbol)

c:/program files (x86)/gnu tools arm embedded/8 2019-q3-update/bin/../lib/gcc/arm-none-eabi/8.3.1/../../../../arm-none-eabi/lib/thumb/v7-m/nofp\libc_nano.a(lib_a-exit.o)
                              c:/program files (x86)/gnu tools arm embedded/8 2019-q3-update/bin/../lib/gcc/arm-none-eabi/8.3.1/../../../../arm-none-eabi/lib/thumb/v7-m/nofp/crt0.o (exit)
c:/program files (x86)/gnu tools arm embedded/8 2019-q3-update/bin/../lib/gcc/arm-none-eabi/8.3.1/../../../../arm-none-eabi/lib/thumb/v7-m/nofp\libc_nano.a(lib_a-impure.o)
                              c:/program files (x86)/gnu tools arm embedded/8 2019-q3-update/bin/../lib/gcc/arm-none-eabi/8.3.1/../../../../arm-none-eabi/lib/thumb/v7-m/nofp\libc_nano.a(lib_a-exit.o) (_global_impure_ptr)
c:/program files (x86)/gnu tools arm embedded/8 2019-q3-update/bin/../lib/gcc/arm-none-eabi/8.3.1/../../../../arm-none-eabi/lib/thumb/v7-m/nofp\libc_nano.a(lib_a-init.o)
                              c:/program files (x86)/gnu tools arm embedded/8 2019-q3-update/bin/../lib/gcc/arm-none-eabi/8.3.1/../../../../arm-none-eabi/lib/thumb/v7-m/nofp/crt0.o (__libc_init_array)
c:/program files (x86)/gnu tools arm embedded/8 2019-q3-update/bin/../lib/gcc/arm-none-eabi/8.3.1/../../../../arm-none-eabi/lib/thumb/v7-m/nofp\libc_nano.a(lib_a-memset.o)
                              c:/program files (x86)/gnu tools arm embedded/8 2019-q3-update/bin/../lib/gcc/arm-none-eabi/8.3.1/../../../../arm-none-eabi/lib/thumb/v7-m/nofp/crt0.o (memset)
c:/program files (x86)/gnu tools arm embedded/8 2019-q3-update/bin/../lib/gcc/arm-none-eabi/8.3.1/../../../../arm-none-eabi/lib/thumb/v7-m/nofp\libnosys.a(_exit.o)
                              c:/program files (x86)/gnu tools arm embedded/8 2019-q3-update/bin/../lib/gcc/arm-none-eabi/8.3.1/../../../../arm-none-eabi/lib/thumb/v7-m/nofp\libc_nano.a(lib_a-exit.o) (_exit)

Allocating common symbols
Common symbol       size              file

hUsbDeviceFS        0x224             build/usb_device.o
uwTick              0x4               build/stm32f1xx_hal.o
pFlash              0x20              build/stm32f1xx_hal_flash.o
UserRxBufferFS      0x3e8             build/usbd_cdc_if.o
UserTxBufferFS      0x3e8             build/usbd_cdc_if.o
u8g2_pg             0x4c              build/u8g2_polygon.o
hpcd_USB_FS         0x460             build/usbd_conf.o
USBD_StrDesc        0x200             build/usbd_desc.o

Discarded input sections

 .text          0x00000000        0x0 c:/program files (x86)/gnu tools arm embedded/8 2019-q3-update/bin/../lib/gcc/arm-none-eabi/8.3.1/thumb/v7-m/nofp/crti.o
 .data          0x00000000        0x0 c:/program files (x86)/gnu tools arm embedded/8 2019-q3-update/bin/../lib/gcc/arm-none-eabi/8.3.1/thumb/v7-m/nofp/crti.o
 .bss           0x00000000        0x0 c:/program files (x86)/gnu tools arm embedded/8 2019-q3-update/bin/../lib/gcc/arm-none-eabi/8.3.1/thumb/v7-m/nofp/crti.o
 .data          0x00000000        0x4 c:/program files (x86)/gnu tools arm embedded/8 2019-q3-update/bin/../lib/gcc/arm-none-eabi/8.3.1/thumb/v7-m/nofp/crtbegin.o
 .text          0x00000000       0x74 c:/program files (x86)/gnu tools arm embedded/8 2019-q3-update/bin/../lib/gcc/arm-none-eabi/8.3.1/../../../../arm-none-eabi/lib/thumb/v7-m/nofp/crt0.o
 .data          0x00000000        0x0 c:/program files (x86)/gnu tools arm embedded/8 2019-q3-update/bin/../lib/gcc/arm-none-eabi/8.3.1/../../../../arm-none-eabi/lib/thumb/v7-m/nofp/crt0.o
 .bss           0x00000000        0x0 c:/program files (x86)/gnu tools arm embedded/8 2019-q3-update/bin/../lib/gcc/arm-none-eabi/8.3.1/../../../../arm-none-eabi/lib/thumb/v7-m/nofp/crt0.o
 .ARM.extab     0x00000000        0x0 c:/program files (x86)/gnu tools arm embedded/8 2019-q3-update/bin/../lib/gcc/arm-none-eabi/8.3.1/../../../../arm-none-eabi/lib/thumb/v7-m/nofp/crt0.o
 .ARM.exidx     0x00000000        0x8 c:/program files (x86)/gnu tools arm embedded/8 2019-q3-update/bin/../lib/gcc/arm-none-eabi/8.3.1/../../../../arm-none-eabi/lib/thumb/v7-m/nofp/crt0.o
 .ARM.attributes
                0x00000000       0x1b c:/program files (x86)/gnu tools arm embedded/8 2019-q3-update/bin/../lib/gcc/arm-none-eabi/8.3.1/../../../../arm-none-eabi/lib/thumb/v7-m/nofp/crt0.o
 .text          0x00000000        0x0 build/main.o
 .data          0x00000000        0x0 build/main.o
 .bss           0x00000000        0x0 build/main.o
 .text.delay_us
                0x00000000       0x16 build/main.o
 .text.delay_ms
                0x00000000       0x18 build/main.o
 .text          0x00000000        0x0 build/usb_device.o
 .data          0x00000000        0x0 build/usb_device.o
 .bss           0x00000000        0x0 build/usb_device.o
 .text.MX_USB_DEVICE_Init
                0x00000000       0x38 build/usb_device.o
 .debug_info    0x00000000      0xffa build/usb_device.o
 .debug_abbrev  0x00000000      0x1f8 build/usb_device.o
 .debug_loc     0x00000000       0x20 build/usb_device.o
[...]
Memory Configuration

Name             Origin             Length             Attributes
RAM              0x20000000         0x00010000         xrw
FLASH            0x08000000         0x00060000         xr
*default*        0x00000000         0xffffffff

Linker script and memory map

LOAD c:/program files (x86)/gnu tools arm embedded/8 2019-q3-update/bin/../lib/gcc/arm-none-eabi/8.3.1/thumb/v7-m/nofp/crti.o
LOAD c:/program files (x86)/gnu tools arm embedded/8 2019-q3-update/bin/../lib/gcc/arm-none-eabi/8.3.1/thumb/v7-m/nofp/crtbegin.o
LOAD c:/program files (x86)/gnu tools arm embedded/8 2019-q3-update/bin/../lib/gcc/arm-none-eabi/8.3.1/../../../../arm-none-eabi/lib/thumb/v7-m/nofp/crt0.o
LOAD build/main.o
LOAD build/usb_device.o
LOAD build/usbd_conf.o
LOAD build/usbd_desc.o
LOAD build/usbd_cdc_if.o
LOAD build/stm32f1xx_it.o
LOAD build/stm32f1xx_hal_msp.o
LOAD build/stm32f1xx_hal_gpio_ex.o
LOAD build/stm32f1xx_hal_pcd.o
LOAD build/stm32f1xx_hal_pcd_ex.o
LOAD build/stm32f1xx_ll_usb.o
LOAD build/stm32f1xx_hal_tim.o
LOAD build/stm32f1xx_hal_tim_ex.o
LOAD build/stm32f1xx_hal.o
LOAD build/stm32f1xx_hal_rcc.o
LOAD build/stm32f1xx_hal_rcc_ex.o
LOAD build/stm32f1xx_hal_gpio.o
LOAD build/stm32f1xx_hal_dma.o
LOAD build/stm32f1xx_hal_cortex.o
LOAD build/stm32f1xx_hal_pwr.o
LOAD build/stm32f1xx_hal_flash.o
LOAD build/stm32f1xx_hal_flash_ex.o
LOAD build/system_stm32f1xx.o
LOAD build/usbd_core.o
LOAD build/usbd_ctlreq.o
LOAD build/usbd_ioreq.o
LOAD build/usbd_cdc.o
LOAD build/u8g2_bitmap.o
LOAD build/u8g2_box.o
LOAD build/u8g2_buffer.o
LOAD build/u8g2_circle.o
LOAD build/u8g2_cleardisplay.o
LOAD build/u8g2_d_memory.o
LOAD build/u8g2_d_setup.o
LOAD build/u8g2_font.o
LOAD build/u8g2_fonts.o
LOAD build/u8g2_hvline.o
LOAD build/u8g2_input_value.o
LOAD build/u8g2_intersection.o
LOAD build/u8g2_kerning.o
LOAD build/u8g2_line.o
LOAD build/u8g2_ll_hvline.o
LOAD build/u8g2_message.o
LOAD build/u8g2_polygon.o
LOAD build/u8g2_selection_list.o
LOAD build/u8g2_setup.o
LOAD build/u8x8_8x8.o
LOAD build/u8x8_byte.o
LOAD build/u8x8_cad.o
LOAD build/u8x8_d_a2printer.o
LOAD build/u8x8_d_st7920.o
LOAD build/u8x8_debounce.o
LOAD build/u8x8_display.o
LOAD build/u8x8_fonts.o
LOAD build/u8x8_gpio.o
LOAD build/u8x8_input_value.o
LOAD build/u8x8_message.o
LOAD build/u8x8_selection_list.o
LOAD build/u8x8_setup.o
LOAD build/u8x8_string.o
LOAD build/u8x8_u16toa.o
LOAD build/u8x8_u8toa.o
LOAD build/startup_stm32f103xe.o
LOAD c:/program files (x86)/gnu tools arm embedded/8 2019-q3-update/bin/../lib/gcc/arm-none-eabi/8.3.1/../../../../arm-none-eabi/lib/thumb/v7-m/nofp\libc_nano.a
LOAD c:/program files (x86)/gnu tools arm embedded/8 2019-q3-update/bin/../lib/gcc/arm-none-eabi/8.3.1/../../../../arm-none-eabi/lib/thumb/v7-m/nofp\libm.a
LOAD c:/program files (x86)/gnu tools arm embedded/8 2019-q3-update/bin/../lib/gcc/arm-none-eabi/8.3.1/../../../../arm-none-eabi/lib/thumb/v7-m/nofp\libnosys.a
START GROUP
LOAD c:/program files (x86)/gnu tools arm embedded/8 2019-q3-update/bin/../lib/gcc/arm-none-eabi/8.3.1/thumb/v7-m/nofp\libgcc.a
LOAD c:/program files (x86)/gnu tools arm embedded/8 2019-q3-update/bin/../lib/gcc/arm-none-eabi/8.3.1/../../../../arm-none-eabi/lib/thumb/v7-m/nofp\libc_nano.a
END GROUP
START GROUP
LOAD c:/program files (x86)/gnu tools arm embedded/8 2019-q3-update/bin/../lib/gcc/arm-none-eabi/8.3.1/thumb/v7-m/nofp\libgcc.a
LOAD c:/program files (x86)/gnu tools arm embedded/8 2019-q3-update/bin/../lib/gcc/arm-none-eabi/8.3.1/../../../../arm-none-eabi/lib/thumb/v7-m/nofp\libc_nano.a
END GROUP
LOAD c:/program files (x86)/gnu tools arm embedded/8 2019-q3-update/bin/../lib/gcc/arm-none-eabi/8.3.1/thumb/v7-m/nofp/crtend.o
LOAD c:/program files (x86)/gnu tools arm embedded/8 2019-q3-update/bin/../lib/gcc/arm-none-eabi/8.3.1/thumb/v7-m/nofp/crtn.o
                0x20010000                _estack = 0x20010000
                0x00000200                _Min_Heap_Size = 0x200
                0x00000400                _Min_Stack_Size = 0x400

.isr_vector     0x08000000      0x1e4
                0x08000000                . = ALIGN (0x4)
 *(.isr_vector)
 .isr_vector    0x08000000      0x1e4 build/startup_stm32f103xe.o
                0x08000000                g_pfnVectors
                0x080001e4                . = ALIGN (0x4)

.text           0x080001e4     0x2ee8
                0x080001e4                . = ALIGN (0x4)
 *(.text)
 .text          0x080001e4       0x40 c:/program files (x86)/gnu tools arm embedded/8 2019-q3-update/bin/../lib/gcc/arm-none-eabi/8.3.1/thumb/v7-m/nofp/crtbegin.o
 *(.text*)
 .text.MX_GPIO_Init
                0x08000224       0x6c build/main.o
 .text.u8g2_gpio_and_delay_stm32
                0x08000290      0x10c build/main.o
                0x08000290                u8g2_gpio_and_delay_stm32
 .text._Error_Handler
                0x0800039c        0x2 build/main.o
                0x0800039c                _Error_Handler
 *fill*         0x0800039e        0x2 
 .text.SystemClock_Config
                0x080003a0       0x9c build/main.o
                0x080003a0                SystemClock_Config
 .text.main     0x0800043c       0x80 build/main.o
                0x0800043c                main
 .text.HAL_PCD_SetupStageCallback
                0x080004bc       0x10 build/usbd_conf.o
                0x080004bc                HAL_PCD_SetupStageCallback
 .text.HAL_PCD_DataOutStageCallback
                0x080004cc       0x14 build/usbd_conf.o
                0x080004cc                HAL_PCD_DataOutStageCallback
 .text.HAL_PCD_DataInStageCallback
                0x080004e0       0x12 build/usbd_conf.o
                0x080004e0                HAL_PCD_DataInStageCallback
 .text.HAL_PCD_SOFCallback
                0x080004f2        0xc build/usbd_conf.o
                0x080004f2                HAL_PCD_SOFCallback
 .text.HAL_PCD_ResetCallback
                0x080004fe       0x18 build/usbd_conf.o
                0x080004fe                HAL_PCD_ResetCallback
 *fill*         0x08000516        0x2 
 .text.HAL_PCD_SuspendCallback
                0x08000518       0x20 build/usbd_conf.o
                0x08000518                HAL_PCD_SuspendCallback
 .text.HAL_PCD_ResumeCallback
                0x08000538        0xc build/usbd_conf.o
                0x08000538                HAL_PCD_ResumeCallback
 .text.USBD_LL_OpenEP
                0x08000544       0x22 build/usbd_conf.o
                0x08000544                USBD_LL_OpenEP
 .text.USBD_LL_StallEP
                0x08000566       0x1c build/usbd_conf.o
                0x08000566                USBD_LL_StallEP
 .text.USBD_LL_ClearStallEP
                0x08000582       0x1c build/usbd_conf.o
                0x08000582                USBD_LL_ClearStallEP
 .text.USBD_LL_IsStallEP
                0x0800059e       0x26 build/usbd_conf.o
                0x0800059e                USBD_LL_IsStallEP
 .text.USBD_LL_SetUSBAddress
                0x080005c4       0x1c build/usbd_conf.o
                0x080005c4                USBD_LL_SetUSBAddress
 .text.USBD_LL_Transmit
                0x080005e0       0x1c build/usbd_conf.o
                0x080005e0                USBD_LL_Transmit
 .text.USBD_LL_PrepareReceive
                0x080005fc       0x1c build/usbd_conf.o
                0x080005fc                USBD_LL_PrepareReceive
 .text.NMI_Handler
                0x08000618        0x2 build/stm32f1xx_it.o
                0x08000618                NMI_Handler
 .text.HardFault_Handler
                0x0800061a        0x2 build/stm32f1xx_it.o
                0x0800061a                HardFault_Handler
 .text.MemManage_Handler
                0x0800061c        0x2 build/stm32f1xx_it.o
                0x0800061c                MemManage_Handler
 .text.BusFault_Handler
                0x0800061e        0x2 build/stm32f1xx_it.o
                0x0800061e                BusFault_Handler
 .text.UsageFault_Handler
                0x08000620        0x2 build/stm32f1xx_it.o
                0x08000620                UsageFault_Handler
 .text.SVC_Handler
                0x08000622        0x2 build/stm32f1xx_it.o
                0x08000622                SVC_Handler
 .text.DebugMon_Handler
                0x08000624        0x2 build/stm32f1xx_it.o
                0x08000624                DebugMon_Handler
 .text.PendSV_Handler
                0x08000626        0x2 build/stm32f1xx_it.o
                0x08000626                PendSV_Handler
 .text.SysTick_Handler
                0x08000628        0xc build/stm32f1xx_it.o
                0x08000628                SysTick_Handler
 .text.USB_LP_CAN1_RX0_IRQHandler
                0x08000634       0x10 build/stm32f1xx_it.o
                0x08000634                USB_LP_CAN1_RX0_IRQHandler
 .text.HAL_MspInit
                0x08000644       0xa0 build/stm32f1xx_hal_msp.o
                0x08000644                HAL_MspInit
 .text.HAL_PCD_SetAddress
                0x080006e4       0x28 build/stm32f1xx_hal_pcd.o
                0x080006e4                HAL_PCD_SetAddress
 .text.HAL_PCD_EP_Open
                0x0800070c       0x52 build/stm32f1xx_hal_pcd.o
                0x0800070c                HAL_PCD_EP_Open
 .text.HAL_PCD_EP_Receive
                0x0800075e       0x3e build/stm32f1xx_hal_pcd.o
                0x0800075e                HAL_PCD_EP_Receive
 .text.HAL_PCD_EP_Transmit
                0x0800079c       0x3c build/stm32f1xx_hal_pcd.o
                0x0800079c                HAL_PCD_EP_Transmit
 .text.PCD_EP_ISR_Handler
                0x080007d8      0x46e build/stm32f1xx_hal_pcd.o
 .text.HAL_PCD_IRQHandler
                0x08000c46      0x164 build/stm32f1xx_hal_pcd.o
                0x08000c46                HAL_PCD_IRQHandler
 .text.HAL_PCD_EP_SetStall
                0x08000daa       0x5c build/stm32f1xx_hal_pcd.o
                0x08000daa                HAL_PCD_EP_SetStall
 .text.HAL_PCD_EP_ClrStall
                0x08000e06       0x4e build/stm32f1xx_hal_pcd.o
                0x08000e06                HAL_PCD_EP_ClrStall
 .text.USB_ActivateEndpoint
                0x08000e54      0x332 build/stm32f1xx_ll_usb.o
                0x08000e54                USB_ActivateEndpoint
 .text.USB_EPSetStall
                0x08001186       0x6e build/stm32f1xx_ll_usb.o
                0x08001186                USB_EPSetStall
 .text.USB_EPClearStall
                0x080011f4       0x92 build/stm32f1xx_ll_usb.o
                0x080011f4                USB_EPClearStall
 .text.USB_SetDevAddress
                0x08001286        0xc build/stm32f1xx_ll_usb.o
                0x08001286                USB_SetDevAddress
 .text.USB_ReadInterrupts
                0x08001292        0x8 build/stm32f1xx_ll_usb.o
                0x08001292                USB_ReadInterrupts
 .text.USB_EP0_OutStart
                0x0800129a        0x4 build/stm32f1xx_ll_usb.o
                0x0800129a                USB_EP0_OutStart
 .text.USB_WritePMA
                0x0800129e       0x2a build/stm32f1xx_ll_usb.o
                0x0800129e                USB_WritePMA
 .text.USB_EPStartXfer
                0x080012c8      0x2cc build/stm32f1xx_ll_usb.o
                0x080012c8                USB_EPStartXfer
 .text.USB_ReadPMA
                0x08001594       0x1e build/stm32f1xx_ll_usb.o
                0x08001594                USB_ReadPMA
 *fill*         0x080015b2        0x2 
 .text.HAL_InitTick
                0x080015b4       0x4c build/stm32f1xx_hal.o
                0x080015b4                HAL_InitTick
 .text.HAL_Init
                0x08001600       0x24 build/stm32f1xx_hal.o
                0x08001600                HAL_Init
 .text.HAL_IncTick
                0x08001624       0x18 build/stm32f1xx_hal.o
                0x08001624                HAL_IncTick
 .text.HAL_GetTick
                0x0800163c        0xc build/stm32f1xx_hal.o
                0x0800163c                HAL_GetTick
 .text.HAL_Delay
                0x08001648       0x28 build/stm32f1xx_hal.o
                0x08001648                HAL_Delay
 .text.RCC_Delay
                0x08001670       0x2c build/stm32f1xx_hal_rcc.o
 .text.HAL_RCC_OscConfig
                0x0800169c      0x3e0 build/stm32f1xx_hal_rcc.o
                0x0800169c                HAL_RCC_OscConfig
 .text.HAL_RCC_GetSysClockFreq
                0x08001a7c       0x70 build/stm32f1xx_hal_rcc.o
                0x08001a7c                HAL_RCC_GetSysClockFreq
 .text.HAL_RCC_ClockConfig
                0x08001aec      0x178 build/stm32f1xx_hal_rcc.o
                0x08001aec                HAL_RCC_ClockConfig
 .text.HAL_RCC_GetHCLKFreq
                0x08001c64        0xc build/stm32f1xx_hal_rcc.o
                0x08001c64                HAL_RCC_GetHCLKFreq
 .text.HAL_RCCEx_PeriphCLKConfig
                0x08001c70      0x114 build/stm32f1xx_hal_rcc_ex.o
                0x08001c70                HAL_RCCEx_PeriphCLKConfig
 .text.HAL_GPIO_Init
                0x08001d84      0x1fc build/stm32f1xx_hal_gpio.o
                0x08001d84                HAL_GPIO_Init
 .text.HAL_GPIO_WritePin
                0x08001f80        0xc build/stm32f1xx_hal_gpio.o
                0x08001f80                HAL_GPIO_WritePin
 .text.HAL_NVIC_SetPriorityGrouping
                0x08001f8c       0x24 build/stm32f1xx_hal_cortex.o
                0x08001f8c                HAL_NVIC_SetPriorityGrouping
 .text.HAL_NVIC_SetPriority
                0x08001fb0       0x64 build/stm32f1xx_hal_cortex.o
                0x08001fb0                HAL_NVIC_SetPriority
 .text.HAL_SYSTICK_Config
                0x08002014       0x2c build/stm32f1xx_hal_cortex.o
                0x08002014                HAL_SYSTICK_Config
 .text.HAL_SYSTICK_CLKSourceConfig
                0x08002040       0x20 build/stm32f1xx_hal_cortex.o
                0x08002040                HAL_SYSTICK_CLKSourceConfig
 .text.HAL_SYSTICK_Callback
                0x08002060        0x2 build/stm32f1xx_hal_cortex.o
                0x08002060                HAL_SYSTICK_Callback
 .text.HAL_SYSTICK_IRQHandler
                0x08002062        0x8 build/stm32f1xx_hal_cortex.o
                0x08002062                HAL_SYSTICK_IRQHandler
 *fill*         0x0800206a        0x2 
 .text.SystemInit
                0x0800206c       0x4c build/system_stm32f1xx.o
                0x0800206c                SystemInit
 .text.USBD_SetClassConfig
                0x080020b8       0x1a build/usbd_core.o
                0x080020b8                USBD_SetClassConfig
 .text.USBD_ClrClassConfig
                0x080020d2        0xe build/usbd_core.o
                0x080020d2                USBD_ClrClassConfig
 .text.USBD_LL_SetupStage
                0x080020e0       0x5a build/usbd_core.o
                0x080020e0                USBD_LL_SetupStage
 .text.USBD_LL_DataOutStage
                0x0800213a       0x6a build/usbd_core.o
                0x0800213a                USBD_LL_DataOutStage
 .text.USBD_LL_DataInStage
                0x080021a4       0xb2 build/usbd_core.o
                0x080021a4                USBD_LL_DataInStage
 .text.USBD_LL_Reset
                0x08002256       0x3e build/usbd_core.o
                0x08002256                USBD_LL_Reset
 .text.USBD_LL_SetSpeed
                0x08002294        0x6 build/usbd_core.o
                0x08002294                USBD_LL_SetSpeed
 .text.USBD_LL_Suspend
                0x0800229a       0x12 build/usbd_core.o
                0x0800229a                USBD_LL_Suspend
 .text.USBD_LL_Resume
                0x080022ac        0xc build/usbd_core.o
                0x080022ac                USBD_LL_Resume
 .text.USBD_LL_SOF
                0x080022b8       0x1c build/usbd_core.o
                0x080022b8                USBD_LL_SOF
 .text.USBD_SetFeature
                0x080022d4       0x20 build/usbd_ctlreq.o
 .text.USBD_ParseSetupRequest
                0x080022f4       0x28 build/usbd_ctlreq.o
                0x080022f4                USBD_ParseSetupRequest
 .text.USBD_CtlError
                0x0800231c       0x14 build/usbd_ctlreq.o
                0x0800231c                USBD_CtlError
 .text.USBD_GetDescriptor
                0x08002330      0x132 build/usbd_ctlreq.o
 .text.USBD_SetAddress
                0x08002462       0x4a build/usbd_ctlreq.o
 .text.USBD_SetConfig
                0x080024ac       0xa4 build/usbd_ctlreq.o
 .text.USBD_GetConfig
                0x08002550       0x3a build/usbd_ctlreq.o
 .text.USBD_GetStatus
                0x0800258a       0x2c build/usbd_ctlreq.o
 .text.USBD_ClrFeature
                0x080025b6       0x32 build/usbd_ctlreq.o
 .text.USBD_StdDevReq
                0x080025e8       0x48 build/usbd_ctlreq.o
                0x080025e8                USBD_StdDevReq
 .text.USBD_StdItfReq
                0x08002630       0x38 build/usbd_ctlreq.o
                0x08002630                USBD_StdItfReq
 .text.USBD_StdEPReq
                0x08002668      0x118 build/usbd_ctlreq.o
                0x08002668                USBD_StdEPReq
 .text.USBD_CtlSendData
                0x08002780       0x1a build/usbd_ioreq.o
                0x08002780                USBD_CtlSendData
 .text.USBD_CtlContinueSendData
                0x0800279a       0x10 build/usbd_ioreq.o
                0x0800279a                USBD_CtlContinueSendData
 .text.USBD_CtlContinueRx
                0x080027aa       0x10 build/usbd_ioreq.o
                0x080027aa                USBD_CtlContinueRx
 .text.USBD_CtlSendStatus
                0x080027ba       0x16 build/usbd_ioreq.o
                0x080027ba                USBD_CtlSendStatus
 .text.USBD_CtlReceiveStatus
                0x080027d0       0x16 build/usbd_ioreq.o
                0x080027d0                USBD_CtlReceiveStatus
 .text.u8g2_send_tile_row
                0x080027e6       0x20 build/u8g2_buffer.o
 .text.u8g2_send_buffer
                0x08002806       0x34 build/u8g2_buffer.o
 .text.u8g2_ClearBuffer
                0x0800283a       0x1a build/u8g2_buffer.o
                0x0800283a                u8g2_ClearBuffer
 .text.u8g2_SendBuffer
                0x08002854       0x10 build/u8g2_buffer.o
                0x08002854                u8g2_SendBuffer
 .text.u8g2_m_16_8_f
                0x08002864        0xc build/u8g2_d_memory.o
                0x08002864                u8g2_m_16_8_f
 .text.u8g2_Setup_st7920_s_128x64_f
                0x08002870       0x3c build/u8g2_d_setup.o
                0x08002870                u8g2_Setup_st7920_s_128x64_f
 .text.u8g2_font_calc_vref_font
                0x080028ac        0x4 build/u8g2_font.o
                0x080028ac                u8g2_font_calc_vref_font
 .text.u8g2_SetFontMode
                0x080028b0        0x6 build/u8g2_font.o
                0x080028b0                u8g2_SetFontMode
 *fill*         0x080028b6        0x2 
 .text.u8g2_SetFontPosBaseline
                0x080028b8        0xc build/u8g2_font.o
                0x080028b8                u8g2_SetFontPosBaseline
 .text.u8g2_SetFontDirection
                0x080028c4        0x6 build/u8g2_font.o
                0x080028c4                u8g2_SetFontDirection
 .text.u8g2_clip_intersection
                0x080028ca       0x38 build/u8g2_hvline.o
 .text.u8g2_draw_hv_line_2dir
                0x08002902       0x8e build/u8g2_hvline.o
 .text.u8g2_draw_hv_line_4dir
                0x08002990       0x5a build/u8g2_hvline.o
                0x08002990                u8g2_draw_hv_line_4dir
 .text.u8g2_ll_hvline_horizontal_right_lsb
                0x080029ea       0x82 build/u8g2_ll_hvline.o
                0x080029ea                u8g2_ll_hvline_horizontal_right_lsb
 .text.u8g2_update_dimension_common
                0x08002a6c       0x5c build/u8g2_setup.o
 .text.u8g2_update_dimension_r0
                0x08002ac8       0x28 build/u8g2_setup.o
                0x08002ac8                u8g2_update_dimension_r0
 .text.u8g2_draw_l90_r0
                0x08002af0       0x12 build/u8g2_setup.o
                0x08002af0                u8g2_draw_l90_r0
 .text.u8g2_SetupBuffer
                0x08002b02       0x3a build/u8g2_setup.o
                0x08002b02                u8g2_SetupBuffer
 .text.u8x8_byte_SendBytes
                0x08002b3c        0xe build/u8x8_byte.o
                0x08002b3c                u8x8_byte_SendBytes
 .text.u8x8_byte_SendByte
                0x08002b4a       0x16 build/u8x8_byte.o
                0x08002b4a                u8x8_byte_SendByte
 .text.u8x8_byte_4wire_sw_spi
                0x08002b60      0x110 build/u8x8_byte.o
                0x08002b60                u8x8_byte_4wire_sw_spi
 .text.u8x8_cad_SendCmd
                0x08002c70        0xe build/u8x8_cad.o
                0x08002c70                u8x8_cad_SendCmd
 .text.u8x8_cad_SendData
                0x08002c7e        0xe build/u8x8_cad.o
                0x08002c7e                u8x8_cad_SendData
 .text.u8x8_cad_StartTransfer
                0x08002c8c        0xe build/u8x8_cad.o
                0x08002c8c                u8x8_cad_StartTransfer
 .text.u8x8_cad_EndTransfer
                0x08002c9a        0xe build/u8x8_cad.o
                0x08002c9a                u8x8_cad_EndTransfer
 .text.u8x8_cad_SendSequence
                0x08002ca8       0x6a build/u8x8_cad.o
                0x08002ca8                u8x8_cad_SendSequence
 *fill*         0x08002d12        0x2 
 .text.u8x8_cad_st7920_spi
                0x08002d14      0x104 build/u8x8_cad.o
                0x08002d14                u8x8_cad_st7920_spi
 .text.u8x8_d_st7920_common
                0x08002e18       0xc4 build/u8x8_d_st7920.o
                0x08002e18                u8x8_d_st7920_common
 .text.u8x8_d_st7920_128x64
                0x08002edc       0x1c build/u8x8_d_st7920.o
                0x08002edc                u8x8_d_st7920_128x64
 .text.u8x8_d_helper_display_setup_memory
                0x08002ef8        0x8 build/u8x8_display.o
                0x08002ef8                u8x8_d_helper_display_setup_memory
 .text.u8x8_d_helper_display_init
                0x08002f00       0x5e build/u8x8_display.o
                0x08002f00                u8x8_d_helper_display_init
 .text.u8x8_DrawTile
                0x08002f5e       0x24 build/u8x8_display.o
                0x08002f5e                u8x8_DrawTile
 .text.u8x8_SetupMemory
                0x08002f82        0xe build/u8x8_display.o
                0x08002f82                u8x8_SetupMemory
 .text.u8x8_InitDisplay
                0x08002f90        0xe build/u8x8_display.o
                0x08002f90                u8x8_InitDisplay
 .text.u8x8_SetPowerSave
                0x08002f9e        0xe build/u8x8_display.o
                0x08002f9e                u8x8_SetPowerSave
 .text.u8x8_RefreshDisplay
                0x08002fac        0xe build/u8x8_display.o
                0x08002fac                u8x8_RefreshDisplay
 .text.u8x8_gpio_call
                0x08002fba        0xa build/u8x8_gpio.o
                0x08002fba                u8x8_gpio_call
 .text.u8x8_dummy_cb
                0x08002fc4        0x4 build/u8x8_setup.o
                0x08002fc4                u8x8_dummy_cb
 .text.u8x8_SetupDefaults
                0x08002fc8       0x28 build/u8x8_setup.o
                0x08002fc8                u8x8_SetupDefaults
 .text.u8x8_Setup
                0x08002ff0       0x20 build/u8x8_setup.o
                0x08002ff0                u8x8_Setup
 .text.Reset_Handler
                0x08003010       0x48 build/startup_stm32f103xe.o
                0x08003010                Reset_Handler
 .text.Default_Handler
                0x08003058        0x2 build/startup_stm32f103xe.o
                0x08003058                RTC_Alarm_IRQHandler
                0x08003058                EXTI2_IRQHandler
                0x08003058                TIM8_TRG_COM_IRQHandler
                0x08003058                TIM8_CC_IRQHandler
                0x08003058                TIM1_CC_IRQHandler
                0x08003058                TIM6_IRQHandler
                0x08003058                PVD_IRQHandler
                0x08003058                SDIO_IRQHandler
                0x08003058                EXTI3_IRQHandler
                0x08003058                EXTI0_IRQHandler
                0x08003058                I2C2_EV_IRQHandler
                0x08003058                ADC1_2_IRQHandler
                0x08003058                SPI1_IRQHandler
                0x08003058                TAMPER_IRQHandler
                0x08003058                TIM8_UP_IRQHandler
                0x08003058                DMA2_Channel2_IRQHandler
                0x08003058                DMA1_Channel4_IRQHandler
                0x08003058                USART3_IRQHandler
                0x08003058                RTC_IRQHandler
                0x08003058                DMA1_Channel7_IRQHandler
                0x08003058                CAN1_RX1_IRQHandler
                0x08003058                UART5_IRQHandler
                0x08003058                ADC3_IRQHandler
                0x08003058                TIM4_IRQHandler
                0x08003058                DMA2_Channel1_IRQHandler
                0x08003058                I2C1_EV_IRQHandler
                0x08003058                DMA1_Channel6_IRQHandler
                0x08003058                UART4_IRQHandler
                0x08003058                TIM3_IRQHandler
                0x08003058                RCC_IRQHandler
                0x08003058                TIM1_TRG_COM_IRQHandler
                0x08003058                DMA1_Channel1_IRQHandler
                0x08003058                Default_Handler
                0x08003058                EXTI15_10_IRQHandler
                0x08003058                TIM7_IRQHandler
                0x08003058                TIM5_IRQHandler
                0x08003058                EXTI9_5_IRQHandler
                0x08003058                SPI2_IRQHandler
                0x08003058                DMA1_Channel5_IRQHandler
                0x08003058                EXTI4_IRQHandler
                0x08003058                USB_HP_CAN1_TX_IRQHandler
                0x08003058                DMA1_Channel3_IRQHandler
                0x08003058                FSMC_IRQHandler
                0x08003058                TIM1_UP_IRQHandler
                0x08003058                WWDG_IRQHandler
                0x08003058                TIM2_IRQHandler
                0x08003058                TIM1_BRK_IRQHandler
                0x08003058                EXTI1_IRQHandler
                0x08003058                DMA2_Channel4_5_IRQHandler
                0x08003058                USART2_IRQHandler
                0x08003058                I2C2_ER_IRQHandler
                0x08003058                DMA1_Channel2_IRQHandler
                0x08003058                TIM8_BRK_IRQHandler
                0x08003058                CAN1_SCE_IRQHandler
                0x08003058                FLASH_IRQHandler
                0x08003058                USART1_IRQHandler
                0x08003058                SPI3_IRQHandler
                0x08003058                I2C1_ER_IRQHandler
                0x08003058                USBWakeUp_IRQHandler
                0x08003058                DMA2_Channel3_IRQHandler
 *fill*         0x0800305a        0x2 
 .text.__libc_init_array
                0x0800305c       0x48 c:/program files (x86)/gnu tools arm embedded/8 2019-q3-update/bin/../lib/gcc/arm-none-eabi/8.3.1/../../../../arm-none-eabi/lib/thumb/v7-m/nofp\libc_nano.a(lib_a-init.o)
                0x0800305c                __libc_init_array
 .text.memset   0x080030a4       0x10 c:/program files (x86)/gnu tools arm embedded/8 2019-q3-update/bin/../lib/gcc/arm-none-eabi/8.3.1/../../../../arm-none-eabi/lib/thumb/v7-m/nofp\libc_nano.a(lib_a-memset.o)
                0x080030a4                memset
 *(.glue_7)
 .glue_7        0x080030b4        0x0 linker stubs
 *(.glue_7t)
 .glue_7t       0x080030b4        0x0 linker stubs
 *(.eh_frame)
 .eh_frame      0x080030b4        0x0 c:/program files (x86)/gnu tools arm embedded/8 2019-q3-update/bin/../lib/gcc/arm-none-eabi/8.3.1/thumb/v7-m/nofp/crtbegin.o
 *(.init)
 .init          0x080030b4        0x4 c:/program files (x86)/gnu tools arm embedded/8 2019-q3-update/bin/../lib/gcc/arm-none-eabi/8.3.1/thumb/v7-m/nofp/crti.o
                0x080030b4                _init
 .init          0x080030b8        0x8 c:/program files (x86)/gnu tools arm embedded/8 2019-q3-update/bin/../lib/gcc/arm-none-eabi/8.3.1/thumb/v7-m/nofp/crtn.o
 *(.fini)
 .fini          0x080030c0        0x4 c:/program files (x86)/gnu tools arm embedded/8 2019-q3-update/bin/../lib/gcc/arm-none-eabi/8.3.1/thumb/v7-m/nofp/crti.o
                0x080030c0                _fini
 .fini          0x080030c4        0x8 c:/program files (x86)/gnu tools arm embedded/8 2019-q3-update/bin/../lib/gcc/arm-none-eabi/8.3.1/thumb/v7-m/nofp/crtn.o
                0x080030cc                . = ALIGN (0x4)
                0x080030cc                _etext = .

.vfp11_veneer   0x080030cc        0x0
 .vfp11_veneer  0x080030cc        0x0 linker stubs

.v4_bx          0x080030cc        0x0
 .v4_bx         0x080030cc        0x0 linker stubs

.iplt           0x080030cc        0x0
 .iplt          0x080030cc        0x0 c:/program files (x86)/gnu tools arm embedded/8 2019-q3-update/bin/../lib/gcc/arm-none-eabi/8.3.1/thumb/v7-m/nofp/crtbegin.o

.rodata         0x080030cc       0x74
                0x080030cc                . = ALIGN (0x4)
 *(.rodata)
 .rodata        0x080030cc       0x12 build/stm32f1xx_hal_rcc.o
 *(.rodata*)
 *fill*         0x080030de        0x2 
 .rodata.SystemClock_Config.str1.4
                0x080030e0        0xc build/main.o
                                  0xb (size before relaxing)
 .rodata.AHBPrescTable
                0x080030ec       0x10 build/system_stm32f1xx.o
                0x080030ec                AHBPrescTable
 .rodata.u8g2_cb_r0
                0x080030fc        0x8 build/u8g2_setup.o
                0x080030fc                u8g2_cb_r0
 .rodata.u8x8_d_st7920_init_seq
                0x08003104       0x13 build/u8x8_d_st7920.o
 *fill*         0x08003117        0x1 
 .rodata.u8x8_d_st7920_powersave0_seq
                0x08003118        0x7 build/u8x8_d_st7920.o
 *fill*         0x0800311f        0x1 
 .rodata.u8x8_d_st7920_powersave1_seq
                0x08003120        0x7 build/u8x8_d_st7920.o
 *fill*         0x08003127        0x1 
 .rodata.u8x8_st7920_128x64_display_info
                0x08003128       0x18 build/u8x8_d_st7920.o
                0x08003140                . = ALIGN (0x4)

.rel.dyn        0x08003140        0x0
 .rel.iplt      0x08003140        0x0 c:/program files (x86)/gnu tools arm embedded/8 2019-q3-update/bin/../lib/gcc/arm-none-eabi/8.3.1/thumb/v7-m/nofp/crtbegin.o

.ARM.extab
 *(.ARM.extab* .gnu.linkonce.armextab.*)

.ARM            0x08003140        0x0
                0x08003140                __exidx_start = .
 *(.ARM.exidx*)
                0x08003140                __exidx_end = .

.preinit_array  0x08003140        0x0
                0x08003140                PROVIDE (__preinit_array_start = .)
 *(.preinit_array*)
                0x08003140                PROVIDE (__preinit_array_end = .)

.init_array     0x08003140        0x4
                0x08003140                PROVIDE (__init_array_start = .)
 *(SORT_BY_NAME(.init_array.*))
 *(.init_array*)
 .init_array    0x08003140        0x4 c:/program files (x86)/gnu tools arm embedded/8 2019-q3-update/bin/../lib/gcc/arm-none-eabi/8.3.1/thumb/v7-m/nofp/crtbegin.o
                0x08003144                PROVIDE (__init_array_end = .)

.fini_array     0x08003144        0x4
                [!provide]                PROVIDE (__fini_array_start = .)
 *(SORT_BY_NAME(.fini_array.*))
 *(.fini_array*)
 .fini_array    0x08003144        0x4 c:/program files (x86)/gnu tools arm embedded/8 2019-q3-update/bin/../lib/gcc/arm-none-eabi/8.3.1/thumb/v7-m/nofp/crtbegin.o
                [!provide]                PROVIDE (__fini_array_end = .)
                0x08003148                _sidata = LOADADDR (.data)

.data           0x20000000        0xc load address 0x08003148
                0x20000000                . = ALIGN (0x4)
                0x20000000                _sdata = .
 *(.data)
 *(.data*)
 .data.uwTickFreq
                0x20000000        0x1 build/stm32f1xx_hal.o
                0x20000000                uwTickFreq
 *fill*         0x20000001        0x3 
 .data.uwTickPrio
                0x20000004        0x4 build/stm32f1xx_hal.o
                0x20000004                uwTickPrio
 .data.SystemCoreClock
                0x20000008        0x4 build/system_stm32f1xx.o
                0x20000008                SystemCoreClock
                0x2000000c                . = ALIGN (0x4)
                0x2000000c                _edata = .

.igot.plt       0x2000000c        0x0 load address 0x08003154
 .igot.plt      0x2000000c        0x0 c:/program files (x86)/gnu tools arm embedded/8 2019-q3-update/bin/../lib/gcc/arm-none-eabi/8.3.1/thumb/v7-m/nofp/crtbegin.o
                0x2000000c                . = ALIGN (0x4)

.bss            0x2000000c      0x898 load address 0x08003154
                0x2000000c                _sbss = .
                0x2000000c                __bss_start__ = _sbss
 *(.bss)
 .bss           0x2000000c       0x1c c:/program files (x86)/gnu tools arm embedded/8 2019-q3-update/bin/../lib/gcc/arm-none-eabi/8.3.1/thumb/v7-m/nofp/crtbegin.o
 *(.bss*)
 .bss.u8g2      0x20000028        0x4 build/main.o
 .bss.cfgidx.7586
                0x2000002c        0x1 build/usbd_ctlreq.o
 *fill*         0x2000002d        0x3 
 .bss.buf.8416  0x20000030      0x400 build/u8g2_d_memory.o
 .bss.buf.5113  0x20000430       0x10 build/u8x8_cad.o
 *(COMMON)
 COMMON         0x20000440      0x460 build/usbd_conf.o
                0x20000440                hpcd_USB_FS
 COMMON         0x200008a0        0x4 build/stm32f1xx_hal.o
                0x200008a0                uwTick
                0x200008a4                . = ALIGN (0x4)
                0x200008a4                _ebss = .
                0x200008a4                __bss_end__ = _ebss

._user_heap_stack
                0x200008a4      0x604 load address 0x08003154
                0x200008a8                . = ALIGN (0x8)
 *fill*         0x200008a4        0x4 
                [!provide]                PROVIDE (end = .)
                [!provide]                PROVIDE (_end = .)
                0x20000aa8                . = (. + _Min_Heap_Size)
 *fill*         0x200008a8      0x200 
                0x20000ea8                . = (. + _Min_Stack_Size)
 *fill*         0x20000aa8      0x400 
                0x20000ea8                . = ALIGN (0x8)

/DISCARD/
 libc.a(*)
 libm.a(*)
 libgcc.a(*)

.ARM.attributes
                0x00000000       0x29
 *(.ARM.attributes)
 .ARM.attributes
                0x00000000       0x1d c:/program files (x86)/gnu tools arm embedded/8 2019-q3-update/bin/../lib/gcc/arm-none-eabi/8.3.1/thumb/v7-m/nofp/crti.o
 .ARM.attributes
                0x0000001d       0x2d c:/program files (x86)/gnu tools arm embedded/8 2019-q3-update/bin/../lib/gcc/arm-none-eabi/8.3.1/thumb/v7-m/nofp/crtbegin.o
 .ARM.attributes
                0x0000004a       0x2d build/main.o
 .ARM.attributes
                0x00000077       0x33 build/usbd_conf.o
 .ARM.attributes
                0x000000aa       0x33 build/stm32f1xx_it.o
 .ARM.attributes
                0x000000dd       0x33 build/stm32f1xx_hal_msp.o
 .ARM.attributes
                0x00000110       0x33 build/stm32f1xx_hal_pcd.o
 .ARM.attributes
                0x00000143       0x33 build/stm32f1xx_ll_usb.o
 .ARM.attributes
                0x00000176       0x33 build/stm32f1xx_hal.o
 .ARM.attributes
                0x000001a9       0x33 build/stm32f1xx_hal_rcc.o
 .ARM.attributes
                0x000001dc       0x33 build/stm32f1xx_hal_rcc_ex.o
 .ARM.attributes
                0x0000020f       0x33 build/stm32f1xx_hal_gpio.o
 .ARM.attributes
                0x00000242       0x33 build/stm32f1xx_hal_cortex.o
 .ARM.attributes
                0x00000275       0x33 build/system_stm32f1xx.o
 .ARM.attributes
                0x000002a8       0x33 build/usbd_core.o
 .ARM.attributes
                0x000002db       0x33 build/usbd_ctlreq.o
 .ARM.attributes
                0x0000030e       0x33 build/usbd_ioreq.o
 .ARM.attributes
                0x00000341       0x33 build/u8g2_buffer.o
 .ARM.attributes
                0x00000374       0x33 build/u8g2_d_memory.o
 .ARM.attributes
                0x000003a7       0x33 build/u8g2_d_setup.o
 .ARM.attributes
                0x000003da       0x33 build/u8g2_font.o
 .ARM.attributes
                0x0000040d       0x33 build/u8g2_hvline.o
 .ARM.attributes
                0x00000440       0x33 build/u8g2_ll_hvline.o
 .ARM.attributes
                0x00000473       0x33 build/u8g2_setup.o
 .ARM.attributes
                0x000004a6       0x33 build/u8x8_byte.o
 .ARM.attributes
                0x000004d9       0x33 build/u8x8_cad.o
 .ARM.attributes
                0x0000050c       0x33 build/u8x8_d_st7920.o
 .ARM.attributes
                0x0000053f       0x33 build/u8x8_display.o
 .ARM.attributes
                0x00000572       0x33 build/u8x8_gpio.o
 .ARM.attributes
                0x000005a5       0x33 build/u8x8_setup.o
 .ARM.attributes
                0x000005d8       0x21 build/startup_stm32f103xe.o
 .ARM.attributes
                0x000005f9       0x2d c:/program files (x86)/gnu tools arm embedded/8 2019-q3-update/bin/../lib/gcc/arm-none-eabi/8.3.1/../../../../arm-none-eabi/lib/thumb/v7-m/nofp\libc_nano.a(lib_a-init.o)
 .ARM.attributes
                0x00000626       0x2d c:/program files (x86)/gnu tools arm embedded/8 2019-q3-update/bin/../lib/gcc/arm-none-eabi/8.3.1/../../../../arm-none-eabi/lib/thumb/v7-m/nofp\libc_nano.a(lib_a-memset.o)
 .ARM.attributes
                0x00000653       0x1d c:/program files (x86)/gnu tools arm embedded/8 2019-q3-update/bin/../lib/gcc/arm-none-eabi/8.3.1/thumb/v7-m/nofp/crtn.o
OUTPUT(build/stm32f1-st7920-fw.elf elf32-littlearm)

.debug_info     0x00000000    0x3ffaa
 .debug_info    0x00000000     0x664b build/main.o
 .debug_info    0x0000664b     0x23ac build/usbd_conf.o
 .debug_info    0x000089f7      0xfbd build/stm32f1xx_it.o
 .debug_info    0x000099b4      0xe5b build/stm32f1xx_hal_msp.o
 .debug_info    0x0000a80f     0x1be3 build/stm32f1xx_hal_pcd.o
 .debug_info    0x0000c3f2     0x18e4 build/stm32f1xx_ll_usb.o
 .debug_info    0x0000dcd6     0x1188 build/stm32f1xx_hal.o
 .debug_info    0x0000ee5e     0x137a build/stm32f1xx_hal_rcc.o
 .debug_info    0x000101d8      0xdb7 build/stm32f1xx_hal_rcc_ex.o
 .debug_info    0x00010f8f      0xfcb build/stm32f1xx_hal_gpio.o
 .debug_info    0x00011f5a     0x165b build/stm32f1xx_hal_cortex.o
 .debug_info    0x000135b5      0xd3e build/system_stm32f1xx.o
 .debug_info    0x000142f3     0x1653 build/usbd_core.o
 .debug_info    0x00015946     0x17fb build/usbd_ctlreq.o
 .debug_info    0x00017141     0x114b build/usbd_ioreq.o
 .debug_info    0x0001828c     0x5185 build/u8g2_buffer.o
 .debug_info    0x0001d411     0x468a build/u8g2_d_memory.o
 .debug_info    0x00021a9b     0x4cb4 build/u8g2_d_setup.o
 .debug_info    0x0002674f     0x5e68 build/u8g2_font.o
 .debug_info    0x0002c5b7     0x49c7 build/u8g2_hvline.o
 .debug_info    0x00030f7e     0x46fb build/u8g2_ll_hvline.o
 .debug_info    0x00035679     0x53bf build/u8g2_setup.o
 .debug_info    0x0003aa38     0x1a22 build/u8x8_byte.o
 .debug_info    0x0003c45a     0x1696 build/u8x8_cad.o
 .debug_info    0x0003daf0      0xa3b build/u8x8_d_st7920.o
 .debug_info    0x0003e52b      0xbfd build/u8x8_display.o
 .debug_info    0x0003f128      0x6b1 build/u8x8_gpio.o
 .debug_info    0x0003f7d9      0x76a build/u8x8_setup.o
 .debug_info    0x0003ff43       0x67 build/startup_stm32f103xe.o

.debug_abbrev   0x00000000     0x424e
 .debug_abbrev  0x00000000      0x331 build/main.o
 .debug_abbrev  0x00000331      0x333 build/usbd_conf.o
 .debug_abbrev  0x00000664      0x1fd build/stm32f1xx_it.o
 .debug_abbrev  0x00000861      0x214 build/stm32f1xx_hal_msp.o
 .debug_abbrev  0x00000a75      0x36e build/stm32f1xx_hal_pcd.o
 .debug_abbrev  0x00000de3      0x2d8 build/stm32f1xx_ll_usb.o
 .debug_abbrev  0x000010bb      0x2ee build/stm32f1xx_hal.o
 .debug_abbrev  0x000013a9      0x330 build/stm32f1xx_hal_rcc.o
 .debug_abbrev  0x000016d9      0x294 build/stm32f1xx_hal_rcc_ex.o
 .debug_abbrev  0x0000196d      0x2bc build/stm32f1xx_hal_gpio.o
 .debug_abbrev  0x00001c29      0x3d1 build/stm32f1xx_hal_cortex.o
 .debug_abbrev  0x00001ffa      0x207 build/system_stm32f1xx.o
 .debug_abbrev  0x00002201      0x2e0 build/usbd_core.o
 .debug_abbrev  0x000024e1      0x323 build/usbd_ctlreq.o
 .debug_abbrev  0x00002804      0x1f5 build/usbd_ioreq.o
 .debug_abbrev  0x000029f9      0x267 build/u8g2_buffer.o
 .debug_abbrev  0x00002c60      0x144 build/u8g2_d_memory.o
 .debug_abbrev  0x00002da4      0x16e build/u8g2_d_setup.o
 .debug_abbrev  0x00002f12      0x334 build/u8g2_font.o
 .debug_abbrev  0x00003246      0x201 build/u8g2_hvline.o
 .debug_abbrev  0x00003447      0x16e build/u8g2_ll_hvline.o
 .debug_abbrev  0x000035b5      0x2a5 build/u8g2_setup.o
 .debug_abbrev  0x0000385a      0x209 build/u8x8_byte.o
 .debug_abbrev  0x00003a63      0x230 build/u8x8_cad.o
 .debug_abbrev  0x00003c93      0x16e build/u8x8_d_st7920.o
 .debug_abbrev  0x00003e01      0x1c0 build/u8x8_display.o
 .debug_abbrev  0x00003fc1      0x10b build/u8x8_gpio.o
 .debug_abbrev  0x000040cc      0x170 build/u8x8_setup.o
 .debug_abbrev  0x0000423c       0x12 build/startup_stm32f103xe.o

.debug_loc      0x00000000     0xce36
 .debug_loc     0x00000000      0x53b build/main.o
 .debug_loc     0x0000053b      0xecb build/usbd_conf.o
 .debug_loc     0x00001406       0x40 build/stm32f1xx_it.o
 .debug_loc     0x00001446       0x38 build/stm32f1xx_hal_msp.o
 .debug_loc     0x0000147e      0xc8f build/stm32f1xx_hal_pcd.o
 .debug_loc     0x0000210d      0xd44 build/stm32f1xx_ll_usb.o
 .debug_loc     0x00002e51      0x1a8 build/stm32f1xx_hal.o
 .debug_loc     0x00002ff9      0x65d build/stm32f1xx_hal_rcc.o
 .debug_loc     0x00003656      0x39e build/stm32f1xx_hal_rcc_ex.o
 .debug_loc     0x000039f4      0x4df build/stm32f1xx_hal_gpio.o
 .debug_loc     0x00003ed3      0x63d build/stm32f1xx_hal_cortex.o
 .debug_loc     0x00004510       0xdf build/system_stm32f1xx.o
 .debug_loc     0x000045ef      0x8a8 build/usbd_core.o
 .debug_loc     0x00004e97      0xd28 build/usbd_ctlreq.o
 .debug_loc     0x00005bbf      0x31c build/usbd_ioreq.o
 .debug_loc     0x00005edb      0x346 build/u8g2_buffer.o
 .debug_loc     0x00006221       0x63 build/u8g2_d_memory.o
 .debug_loc     0x00006284      0x93f build/u8g2_d_setup.o
 .debug_loc     0x00006bc3     0x1b80 build/u8g2_font.o
 .debug_loc     0x00008743      0x7ba build/u8g2_hvline.o
 .debug_loc     0x00008efd      0x3c0 build/u8g2_ll_hvline.o
 .debug_loc     0x000092bd      0x82c build/u8g2_setup.o
 .debug_loc     0x00009ae9     0x156a build/u8x8_byte.o
 .debug_loc     0x0000b053     0x12f7 build/u8x8_cad.o
 .debug_loc     0x0000c34a      0x4b1 build/u8x8_d_st7920.o
 .debug_loc     0x0000c7fb      0x4ff build/u8x8_display.o
 .debug_loc     0x0000ccfa       0x83 build/u8x8_gpio.o
 .debug_loc     0x0000cd7d       0xb9 build/u8x8_setup.o

.debug_aranges  0x00000000      0xe50
 .debug_aranges
                0x00000000       0x50 build/main.o
 .debug_aranges
                0x00000050      0x110 build/usbd_conf.o
 .debug_aranges
                0x00000160       0x68 build/stm32f1xx_it.o
 .debug_aranges
                0x000001c8       0x20 build/stm32f1xx_hal_msp.o
 .debug_aranges
                0x000001e8      0x120 build/stm32f1xx_hal_pcd.o
 .debug_aranges
                0x00000308      0x100 build/stm32f1xx_ll_usb.o
 .debug_aranges
                0x00000408       0xd0 build/stm32f1xx_hal.o
 .debug_aranges
                0x000004d8       0x90 build/stm32f1xx_hal_rcc.o
 .debug_aranges
                0x00000568       0x30 build/stm32f1xx_hal_rcc_ex.o
 .debug_aranges
                0x00000598       0x58 build/stm32f1xx_hal_gpio.o
 .debug_aranges
                0x000005f0       0x90 build/stm32f1xx_hal_cortex.o
 .debug_aranges
                0x00000680       0x28 build/system_stm32f1xx.o
 .debug_aranges
                0x000006a8       0xb8 build/usbd_core.o
 .debug_aranges
                0x00000760       0x88 build/usbd_ctlreq.o
 .debug_aranges
                0x000007e8       0x50 build/usbd_ioreq.o
 .debug_aranges
                0x00000838       0x50 build/u8g2_buffer.o
 .debug_aranges
                0x00000888       0x30 build/u8g2_d_memory.o
 .debug_aranges
                0x000008b8       0x60 build/u8g2_d_setup.o
 .debug_aranges
                0x00000918      0x198 build/u8g2_font.o
 .debug_aranges
                0x00000ab0       0x58 build/u8g2_hvline.o
 .debug_aranges
                0x00000b08       0x28 build/u8g2_ll_hvline.o
 .debug_aranges
                0x00000b30       0x78 build/u8g2_setup.o
 .debug_aranges
                0x00000ba8       0xd8 build/u8x8_byte.o
 .debug_aranges
                0x00000c80       0xa8 build/u8x8_cad.o
 .debug_aranges
                0x00000d28       0x30 build/u8x8_d_st7920.o
 .debug_aranges
                0x00000d58       0x80 build/u8x8_display.o
 .debug_aranges
                0x00000dd8       0x20 build/u8x8_gpio.o
 .debug_aranges
                0x00000df8       0x30 build/u8x8_setup.o
 .debug_aranges
                0x00000e28       0x28 build/startup_stm32f103xe.o

.debug_ranges   0x00000000      0xe58
 .debug_ranges  0x00000000       0x40 build/main.o
 .debug_ranges  0x00000040      0x100 build/usbd_conf.o
 .debug_ranges  0x00000140       0x58 build/stm32f1xx_it.o
 .debug_ranges  0x00000198       0x10 build/stm32f1xx_hal_msp.o
 .debug_ranges  0x000001a8      0x140 build/stm32f1xx_hal_pcd.o
 .debug_ranges  0x000002e8      0x1e0 build/stm32f1xx_ll_usb.o
 .debug_ranges  0x000004c8       0xc0 build/stm32f1xx_hal.o
 .debug_ranges  0x00000588       0xa0 build/stm32f1xx_hal_rcc.o
 .debug_ranges  0x00000628       0x38 build/stm32f1xx_hal_rcc_ex.o
 .debug_ranges  0x00000660       0x48 build/stm32f1xx_hal_gpio.o
 .debug_ranges  0x000006a8       0xe0 build/stm32f1xx_hal_cortex.o
 .debug_ranges  0x00000788       0x18 build/system_stm32f1xx.o
 .debug_ranges  0x000007a0       0xa8 build/usbd_core.o
 .debug_ranges  0x00000848       0x78 build/usbd_ctlreq.o
 .debug_ranges  0x000008c0       0x40 build/usbd_ioreq.o
 .debug_ranges  0x00000900       0x40 build/u8g2_buffer.o
 .debug_ranges  0x00000940       0x20 build/u8g2_d_memory.o
 .debug_ranges  0x00000960       0x50 build/u8g2_d_setup.o
 .debug_ranges  0x000009b0      0x1a0 build/u8g2_font.o
 .debug_ranges  0x00000b50       0x48 build/u8g2_hvline.o
 .debug_ranges  0x00000b98       0x18 build/u8g2_ll_hvline.o
 .debug_ranges  0x00000bb0       0x68 build/u8g2_setup.o
 .debug_ranges  0x00000c18       0xc8 build/u8x8_byte.o
 .debug_ranges  0x00000ce0       0x98 build/u8x8_cad.o
 .debug_ranges  0x00000d78       0x20 build/u8x8_d_st7920.o
 .debug_ranges  0x00000d98       0x70 build/u8x8_display.o
 .debug_ranges  0x00000e08       0x10 build/u8x8_gpio.o
 .debug_ranges  0x00000e18       0x20 build/u8x8_setup.o
 .debug_ranges  0x00000e38       0x20 build/startup_stm32f103xe.o

.debug_line     0x00000000     0x66ad
 .debug_line    0x00000000      0x6f5 build/main.o
 .debug_line    0x000006f5      0x643 build/usbd_conf.o
 .debug_line    0x00000d38      0x332 build/stm32f1xx_it.o
 .debug_line    0x0000106a      0x258 build/stm32f1xx_hal_msp.o
 .debug_line    0x000012c2      0x760 build/stm32f1xx_hal_pcd.o
 .debug_line    0x00001a22      0x6b0 build/stm32f1xx_ll_usb.o
 .debug_line    0x000020d2      0x431 build/stm32f1xx_hal.o
 .debug_line    0x00002503      0x591 build/stm32f1xx_hal_rcc.o
 .debug_line    0x00002a94      0x36c build/stm32f1xx_hal_rcc_ex.o
 .debug_line    0x00002e00      0x442 build/stm32f1xx_hal_gpio.o
 .debug_line    0x00003242      0x3da build/stm32f1xx_hal_cortex.o
 .debug_line    0x0000361c      0x25f build/system_stm32f1xx.o
 .debug_line    0x0000387b      0x4dc build/usbd_core.o
 .debug_line    0x00003d57      0x4e0 build/usbd_ctlreq.o
 .debug_line    0x00004237      0x346 build/usbd_ioreq.o
 .debug_line    0x0000457d      0x24b build/u8g2_buffer.o
 .debug_line    0x000047c8      0x14a build/u8g2_d_memory.o
 .debug_line    0x00004912      0x1c3 build/u8g2_d_setup.o
 .debug_line    0x00004ad5      0x670 build/u8g2_font.o
 .debug_line    0x00005145      0x1f5 build/u8g2_hvline.o
 .debug_line    0x0000533a      0x18f build/u8g2_ll_hvline.o
 .debug_line    0x000054c9      0x2be build/u8g2_setup.o
 .debug_line    0x00005787      0x4b6 build/u8x8_byte.o
 .debug_line    0x00005c3d      0x3dd build/u8x8_cad.o
 .debug_line    0x0000601a      0x1a2 build/u8x8_d_st7920.o
 .debug_line    0x000061bc      0x219 build/u8x8_display.o
 .debug_line    0x000063d5      0x11b build/u8x8_gpio.o
 .debug_line    0x000064f0      0x14b build/u8x8_setup.o
 .debug_line    0x0000663b       0x72 build/startup_stm32f103xe.o

.debug_str      0x00000000     0x9f9e
 .debug_str     0x00000000     0x76ce build/main.o
                               0x782d (size before relaxing)
 .debug_str     0x000076ce      0x921 build/usbd_conf.o
                               0x160f (size before relaxing)
 .debug_str     0x00007fef       0xf4 build/stm32f1xx_it.o
                                0x99d (size before relaxing)
 .debug_str     0x000080e3       0x41 build/stm32f1xx_hal_msp.o
                                0xa33 (size before relaxing)
 .debug_str     0x00008124      0x2cf build/stm32f1xx_hal_pcd.o
                                0xe2e (size before relaxing)
 .debug_str     0x000083f3      0x158 build/stm32f1xx_ll_usb.o
                                0xb2c (size before relaxing)
 .debug_str     0x0000854b      0x28a build/stm32f1xx_hal.o
                                0xcfd (size before relaxing)
 .debug_str     0x000087d5      0x1c3 build/stm32f1xx_hal_rcc.o
                                0xa0b (size before relaxing)
 .debug_str     0x00008998       0x9c build/stm32f1xx_hal_rcc_ex.o
                                0x82d (size before relaxing)
 .debug_str     0x00008a34      0x127 build/stm32f1xx_hal_gpio.o
                                0x834 (size before relaxing)
 .debug_str     0x00008b5b      0x1f8 build/stm32f1xx_hal_cortex.o
                                0xdab (size before relaxing)
 .debug_str     0x00008d53       0x4a build/system_stm32f1xx.o
                                0x69d (size before relaxing)
 .debug_str     0x00008d9d      0x166 build/usbd_core.o
                                0xc4a (size before relaxing)
 .debug_str     0x00008f03       0xe9 build/usbd_ctlreq.o
                                0xb64 (size before relaxing)
 .debug_str     0x00008fec       0x60 build/usbd_ioreq.o
                                0xa91 (size before relaxing)
 .debug_str     0x0000904c       0xe0 build/u8g2_buffer.o
                               0x6c8b (size before relaxing)
 .debug_str     0x0000912c       0x4d build/u8g2_d_memory.o
                               0x67e7 (size before relaxing)
 .debug_str     0x00009179      0x120 build/u8g2_d_setup.o
                               0x68fd (size before relaxing)
 .debug_str     0x00009299      0x53c build/u8g2_font.o
                               0x6d3d (size before relaxing)
 .debug_str     0x000097d5       0x9c build/u8g2_hvline.o
                               0x685c (size before relaxing)
 .debug_str     0x00009871       0x68 build/u8g2_ll_hvline.o
                               0x681a (size before relaxing)
 .debug_str     0x000098d9      0x115 build/u8g2_setup.o
                               0x6ce5 (size before relaxing)
 .debug_str     0x000099ee      0x1e9 build/u8x8_byte.o
                                0xb3a (size before relaxing)
 .debug_str     0x00009bd7      0x178 build/u8x8_cad.o
                                0xb33 (size before relaxing)
 .debug_str     0x00009d4f      0x15a build/u8x8_d_st7920.o
                                0xb01 (size before relaxing)
 .debug_str     0x00009ea9       0xa7 build/u8x8_display.o
                                0xaad (size before relaxing)
 .debug_str     0x00009f50       0x16 build/u8x8_gpio.o
                                0x94e (size before relaxing)
 .debug_str     0x00009f66       0x38 build/u8x8_setup.o
                                0x98d (size before relaxing)

.comment        0x00000000       0xe4
 .comment       0x00000000       0x76 build/main.o
                                 0x77 (size before relaxing)
 .comment       0x00000076       0x6e build/usbd_conf.o
                                 0x6f (size before relaxing)
 .comment       0x000000e4       0x6f build/stm32f1xx_it.o
 .comment       0x000000e4       0x6f build/stm32f1xx_hal_msp.o
 .comment       0x000000e4       0x6f build/stm32f1xx_hal_pcd.o
 .comment       0x000000e4       0x6f build/stm32f1xx_ll_usb.o
 .comment       0x000000e4       0x6f build/stm32f1xx_hal.o
 .comment       0x000000e4       0x6f build/stm32f1xx_hal_rcc.o
 .comment       0x000000e4       0x6f build/stm32f1xx_hal_rcc_ex.o
 .comment       0x000000e4       0x6f build/stm32f1xx_hal_gpio.o
 .comment       0x000000e4       0x6f build/stm32f1xx_hal_cortex.o
 .comment       0x000000e4       0x6f build/system_stm32f1xx.o
 .comment       0x000000e4       0x6f build/usbd_core.o
 .comment       0x000000e4       0x6f build/usbd_ctlreq.o
 .comment       0x000000e4       0x6f build/usbd_ioreq.o
 .comment       0x000000e4       0x6f build/u8g2_buffer.o
 .comment       0x000000e4       0x6f build/u8g2_d_memory.o
 .comment       0x000000e4       0x6f build/u8g2_d_setup.o
 .comment       0x000000e4       0x6f build/u8g2_font.o
 .comment       0x000000e4       0x6f build/u8g2_hvline.o
 .comment       0x000000e4       0x6f build/u8g2_ll_hvline.o
 .comment       0x000000e4       0x6f build/u8g2_setup.o
 .comment       0x000000e4       0x6f build/u8x8_byte.o
 .comment       0x000000e4       0x6f build/u8x8_cad.o
 .comment       0x000000e4       0x6f build/u8x8_d_st7920.o
 .comment       0x000000e4       0x6f build/u8x8_display.o
 .comment       0x000000e4       0x6f build/u8x8_gpio.o
 .comment       0x000000e4       0x6f build/u8x8_setup.o

.debug_frame    0x00000000     0x2864
 .debug_frame   0x00000000       0xd0 build/main.o
 .debug_frame   0x000000d0      0x344 build/usbd_conf.o
 .debug_frame   0x00000414       0xc8 build/stm32f1xx_it.o
 .debug_frame   0x000004dc       0x30 build/stm32f1xx_hal_msp.o
 .debug_frame   0x0000050c      0x338 build/stm32f1xx_hal_pcd.o
 .debug_frame   0x00000844      0x250 build/stm32f1xx_ll_usb.o
 .debug_frame   0x00000a94      0x1c0 build/stm32f1xx_hal.o
 .debug_frame   0x00000c54      0x194 build/stm32f1xx_hal_rcc.o
 .debug_frame   0x00000de8       0x78 build/stm32f1xx_hal_rcc_ex.o
 .debug_frame   0x00000e60      0x104 build/stm32f1xx_hal_gpio.o
 .debug_frame   0x00000f64      0x13c build/stm32f1xx_hal_cortex.o
 .debug_frame   0x000010a0       0x30 build/system_stm32f1xx.o
 .debug_frame   0x000010d0      0x1ec build/usbd_core.o
 .debug_frame   0x000012bc      0x1ac build/usbd_ctlreq.o
 .debug_frame   0x00001468       0xd4 build/usbd_ioreq.o
 .debug_frame   0x0000153c       0xe8 build/u8g2_buffer.o
 .debug_frame   0x00001624       0x40 build/u8g2_d_memory.o
 .debug_frame   0x00001664      0x154 build/u8g2_d_setup.o
 .debug_frame   0x000017b8      0x520 build/u8g2_font.o
 .debug_frame   0x00001cd8      0x134 build/u8g2_hvline.o
 .debug_frame   0x00001e0c       0x60 build/u8g2_ll_hvline.o
 .debug_frame   0x00001e6c      0x190 build/u8g2_setup.o
 .debug_frame   0x00001ffc      0x30c build/u8x8_byte.o
 .debug_frame   0x00002308      0x288 build/u8x8_cad.o
 .debug_frame   0x00002590       0x74 build/u8x8_d_st7920.o
 .debug_frame   0x00002604      0x190 build/u8x8_display.o
 .debug_frame   0x00002794       0x2c build/u8x8_gpio.o
 .debug_frame   0x000027c0       0x58 build/u8x8_setup.o
 .debug_frame   0x00002818       0x2c c:/program files (x86)/gnu tools arm embedded/8 2019-q3-update/bin/../lib/gcc/arm-none-eabi/8.3.1/../../../../arm-none-eabi/lib/thumb/v7-m/nofp\libc_nano.a(lib_a-init.o)
 .debug_frame   0x00002844       0x20 c:/program files (x86)/gnu tools arm embedded/8 2019-q3-update/bin/../lib/gcc/arm-none-eabi/8.3.1/../../../../arm-none-eabi/lib/thumb/v7-m/nofp\libc_nano.a(lib_a-memset.o)

Cross Reference Table

Symbol                                            File
ADC1_2_IRQHandler                                 build/startup_stm32f103xe.o
ADC3_IRQHandler                                   build/startup_stm32f103xe.o
AHBPrescTable                                     build/system_stm32f1xx.o
                                                  build/stm32f1xx_hal_rcc.o
APBPrescTable                                     build/system_stm32f1xx.o
                                                  build/stm32f1xx_hal_rcc.o
BusFault_Handler                                  build/stm32f1xx_it.o
CAN1_RX1_IRQHandler                               build/startup_stm32f103xe.o
CAN1_SCE_IRQHandler                               build/startup_stm32f103xe.o
CDC_Transmit_FS                                   build/usbd_cdc_if.o
DMA1_Channel1_IRQHandler                          build/startup_stm32f103xe.o
DMA1_Channel2_IRQHandler                          build/startup_stm32f103xe.o
DMA1_Channel3_IRQHandler                          build/startup_stm32f103xe.o
DMA1_Channel4_IRQHandler                          build/startup_stm32f103xe.o
DMA1_Channel5_IRQHandler                          build/startup_stm32f103xe.o
DMA1_Channel6_IRQHandler                          build/startup_stm32f103xe.o
DMA1_Channel7_IRQHandler                          build/startup_stm32f103xe.o
DMA2_Channel1_IRQHandler                          build/startup_stm32f103xe.o
DMA2_Channel2_IRQHandler                          build/startup_stm32f103xe.o
DMA2_Channel3_IRQHandler                          build/startup_stm32f103xe.o
DMA2_Channel4_5_IRQHandler                        build/startup_stm32f103xe.o
DebugMon_Handler                                  build/stm32f1xx_it.o
Default_Handler                                   build/startup_stm32f103xe.o
EXTI0_IRQHandler                                  build/startup_stm32f103xe.o
EXTI15_10_IRQHandler                              build/startup_stm32f103xe.o
EXTI1_IRQHandler                                  build/startup_stm32f103xe.o
EXTI2_IRQHandler                                  build/startup_stm32f103xe.o
EXTI3_IRQHandler                                  build/startup_stm32f103xe.o
EXTI4_IRQHandler                                  build/startup_stm32f103xe.o
EXTI9_5_IRQHandler                                build/startup_stm32f103xe.o
FLASH_IRQHandler                                  build/startup_stm32f103xe.o
FLASH_PageErase                                   build/stm32f1xx_hal_flash_ex.o
                                                  build/stm32f1xx_hal_flash.o
FLASH_WaitForLastOperation                        build/stm32f1xx_hal_flash.o
                                                  build/stm32f1xx_hal_flash_ex.o
FSMC_IRQHandler                                   build/startup_stm32f103xe.o
FS_Desc                                           build/usbd_desc.o
                                                  build/usb_device.o
HAL_DBGMCU_DisableDBGSleepMode                    build/stm32f1xx_hal.o
HAL_DBGMCU_DisableDBGStandbyMode                  build/stm32f1xx_hal.o
HAL_DBGMCU_DisableDBGStopMode                     build/stm32f1xx_hal.o
HAL_DBGMCU_EnableDBGSleepMode                     build/stm32f1xx_hal.o
HAL_DBGMCU_EnableDBGStandbyMode                   build/stm32f1xx_hal.o
HAL_DBGMCU_EnableDBGStopMode                      build/stm32f1xx_hal.o
HAL_DMA_Abort                                     build/stm32f1xx_hal_dma.o
HAL_DMA_Abort_IT                                  build/stm32f1xx_hal_dma.o
HAL_DMA_DeInit                                    build/stm32f1xx_hal_dma.o
HAL_DMA_GetError                                  build/stm32f1xx_hal_dma.o
HAL_DMA_GetState                                  build/stm32f1xx_hal_dma.o
HAL_DMA_IRQHandler                                build/stm32f1xx_hal_dma.o
HAL_DMA_Init                                      build/stm32f1xx_hal_dma.o
HAL_DMA_PollForTransfer                           build/stm32f1xx_hal_dma.o
HAL_DMA_RegisterCallback                          build/stm32f1xx_hal_dma.o
HAL_DMA_Start                                     build/stm32f1xx_hal_dma.o
HAL_DMA_Start_IT                                  build/stm32f1xx_hal_dma.o
HAL_DMA_UnRegisterCallback                        build/stm32f1xx_hal_dma.o
HAL_DeInit                                        build/stm32f1xx_hal.o
HAL_Delay                                         build/stm32f1xx_hal.o
                                                  build/usbd_conf.o
                                                  build/main.o
HAL_FLASHEx_Erase                                 build/stm32f1xx_hal_flash_ex.o
HAL_FLASHEx_Erase_IT                              build/stm32f1xx_hal_flash_ex.o
HAL_FLASHEx_OBErase                               build/stm32f1xx_hal_flash_ex.o
HAL_FLASHEx_OBGetConfig                           build/stm32f1xx_hal_flash_ex.o
HAL_FLASHEx_OBGetUserData                         build/stm32f1xx_hal_flash_ex.o
HAL_FLASHEx_OBProgram                             build/stm32f1xx_hal_flash_ex.o
HAL_FLASH_EndOfOperationCallback                  build/stm32f1xx_hal_flash.o
HAL_FLASH_GetError                                build/stm32f1xx_hal_flash.o
HAL_FLASH_IRQHandler                              build/stm32f1xx_hal_flash.o
HAL_FLASH_Lock                                    build/stm32f1xx_hal_flash.o
HAL_FLASH_OB_Launch                               build/stm32f1xx_hal_flash.o
HAL_FLASH_OB_Lock                                 build/stm32f1xx_hal_flash.o
HAL_FLASH_OB_Unlock                               build/stm32f1xx_hal_flash.o
HAL_FLASH_OperationErrorCallback                  build/stm32f1xx_hal_flash.o
HAL_FLASH_Program                                 build/stm32f1xx_hal_flash.o
HAL_FLASH_Program_IT                              build/stm32f1xx_hal_flash.o
HAL_FLASH_Unlock                                  build/stm32f1xx_hal_flash.o
HAL_GPIOEx_ConfigEventout                         build/stm32f1xx_hal_gpio_ex.o
HAL_GPIOEx_DisableEventout                        build/stm32f1xx_hal_gpio_ex.o
HAL_GPIOEx_EnableEventout                         build/stm32f1xx_hal_gpio_ex.o
HAL_GPIO_DeInit                                   build/stm32f1xx_hal_gpio.o
HAL_GPIO_EXTI_Callback                            build/stm32f1xx_hal_gpio.o
HAL_GPIO_EXTI_IRQHandler                          build/stm32f1xx_hal_gpio.o
HAL_GPIO_Init                                     build/stm32f1xx_hal_gpio.o
                                                  build/stm32f1xx_hal_rcc.o
                                                  build/main.o
HAL_GPIO_LockPin                                  build/stm32f1xx_hal_gpio.o
HAL_GPIO_ReadPin                                  build/stm32f1xx_hal_gpio.o
HAL_GPIO_TogglePin                                build/stm32f1xx_hal_gpio.o
HAL_GPIO_WritePin                                 build/stm32f1xx_hal_gpio.o
                                                  build/main.o
HAL_GetDEVID                                      build/stm32f1xx_hal.o
HAL_GetHalVersion                                 build/stm32f1xx_hal.o
HAL_GetREVID                                      build/stm32f1xx_hal.o
HAL_GetTick                                       build/stm32f1xx_hal.o
                                                  build/stm32f1xx_hal_flash.o
                                                  build/stm32f1xx_hal_dma.o
                                                  build/stm32f1xx_hal_rcc_ex.o
                                                  build/stm32f1xx_hal_rcc.o
                                                  build/main.o
HAL_GetTickFreq                                   build/stm32f1xx_hal.o
HAL_GetTickPrio                                   build/stm32f1xx_hal.o
HAL_GetUID                                        build/stm32f1xx_hal.o
HAL_IncTick                                       build/stm32f1xx_hal.o
                                                  build/stm32f1xx_it.o
HAL_Init                                          build/stm32f1xx_hal.o
                                                  build/main.o
HAL_InitTick                                      build/stm32f1xx_hal.o
                                                  build/stm32f1xx_hal_rcc.o
HAL_MspDeInit                                     build/stm32f1xx_hal.o
HAL_MspInit                                       build/stm32f1xx_hal_msp.o
HAL_NVIC_ClearPendingIRQ                          build/stm32f1xx_hal_cortex.o
HAL_NVIC_DisableIRQ                               build/stm32f1xx_hal_cortex.o
                                                  build/usbd_conf.o
HAL_NVIC_EnableIRQ                                build/stm32f1xx_hal_cortex.o
                                                  build/usbd_conf.o
HAL_NVIC_GetActive                                build/stm32f1xx_hal_cortex.o
HAL_NVIC_GetPendingIRQ                            build/stm32f1xx_hal_cortex.o
HAL_NVIC_GetPriority                              build/stm32f1xx_hal_cortex.o
HAL_NVIC_GetPriorityGrouping                      build/stm32f1xx_hal_cortex.o
HAL_NVIC_SetPendingIRQ                            build/stm32f1xx_hal_cortex.o
HAL_NVIC_SetPriority                              build/stm32f1xx_hal_cortex.o
                                                  build/stm32f1xx_hal.o
                                                  build/stm32f1xx_hal_msp.o
                                                  build/usbd_conf.o
                                                  build/main.o
HAL_NVIC_SetPriorityGrouping                      build/stm32f1xx_hal_cortex.o
                                                  build/stm32f1xx_hal.o
                                                  build/stm32f1xx_hal_msp.o
HAL_NVIC_SystemReset                              build/stm32f1xx_hal_cortex.o
                                                  build/stm32f1xx_hal_flash.o
HAL_PCDEx_PMAConfig                               build/stm32f1xx_hal_pcd_ex.o
                                                  build/usbd_conf.o
HAL_PCDEx_SetConnectionState                      build/usbd_conf.o
                                                  build/stm32f1xx_hal_pcd.o
HAL_PCD_ActivateRemoteWakeup                      build/stm32f1xx_hal_pcd.o
HAL_PCD_ConnectCallback                           build/usbd_conf.o
HAL_PCD_DataInStageCallback                       build/usbd_conf.o
HAL_PCD_DataOutStageCallback                      build/usbd_conf.o
HAL_PCD_DeActivateRemoteWakeup                    build/stm32f1xx_hal_pcd.o
HAL_PCD_DeInit                                    build/stm32f1xx_hal_pcd.o
                                                  build/usbd_conf.o
HAL_PCD_DevConnect                                build/stm32f1xx_hal_pcd.o
HAL_PCD_DevDisconnect                             build/stm32f1xx_hal_pcd.o
HAL_PCD_DisconnectCallback                        build/usbd_conf.o
HAL_PCD_EP_Close                                  build/stm32f1xx_hal_pcd.o
                                                  build/usbd_conf.o
HAL_PCD_EP_ClrStall                               build/stm32f1xx_hal_pcd.o
                                                  build/usbd_conf.o
HAL_PCD_EP_Flush                                  build/stm32f1xx_hal_pcd.o
                                                  build/usbd_conf.o
HAL_PCD_EP_GetRxCount                             build/stm32f1xx_hal_pcd.o
                                                  build/usbd_conf.o
HAL_PCD_EP_Open                                   build/stm32f1xx_hal_pcd.o
                                                  build/usbd_conf.o
HAL_PCD_EP_Receive                                build/stm32f1xx_hal_pcd.o
                                                  build/usbd_conf.o
HAL_PCD_EP_SetStall                               build/stm32f1xx_hal_pcd.o
                                                  build/usbd_conf.o
HAL_PCD_EP_Transmit                               build/stm32f1xx_hal_pcd.o
                                                  build/usbd_conf.o
HAL_PCD_GetState                                  build/stm32f1xx_hal_pcd.o
HAL_PCD_IRQHandler                                build/stm32f1xx_hal_pcd.o
                                                  build/stm32f1xx_it.o
HAL_PCD_ISOINIncompleteCallback                   build/usbd_conf.o
HAL_PCD_ISOOUTIncompleteCallback                  build/usbd_conf.o
HAL_PCD_Init                                      build/stm32f1xx_hal_pcd.o
                                                  build/usbd_conf.o
HAL_PCD_MspDeInit                                 build/usbd_conf.o
HAL_PCD_MspInit                                   build/usbd_conf.o
HAL_PCD_ResetCallback                             build/usbd_conf.o
HAL_PCD_ResumeCallback                            build/usbd_conf.o
HAL_PCD_SOFCallback                               build/usbd_conf.o
HAL_PCD_SetAddress                                build/stm32f1xx_hal_pcd.o
                                                  build/usbd_conf.o
HAL_PCD_SetupStageCallback                        build/usbd_conf.o
HAL_PCD_Start                                     build/stm32f1xx_hal_pcd.o
                                                  build/usbd_conf.o
HAL_PCD_Stop                                      build/stm32f1xx_hal_pcd.o
                                                  build/usbd_conf.o
HAL_PCD_SuspendCallback                           build/usbd_conf.o
HAL_PWR_ConfigPVD                                 build/stm32f1xx_hal_pwr.o
HAL_PWR_DeInit                                    build/stm32f1xx_hal_pwr.o
HAL_PWR_DisableBkUpAccess                         build/stm32f1xx_hal_pwr.o
HAL_PWR_DisablePVD                                build/stm32f1xx_hal_pwr.o
HAL_PWR_DisableSEVOnPend                          build/stm32f1xx_hal_pwr.o
HAL_PWR_DisableSleepOnExit                        build/stm32f1xx_hal_pwr.o
HAL_PWR_DisableWakeUpPin                          build/stm32f1xx_hal_pwr.o
HAL_PWR_EnableBkUpAccess                          build/stm32f1xx_hal_pwr.o
HAL_PWR_EnablePVD                                 build/stm32f1xx_hal_pwr.o
HAL_PWR_EnableSEVOnPend                           build/stm32f1xx_hal_pwr.o
HAL_PWR_EnableSleepOnExit                         build/stm32f1xx_hal_pwr.o
HAL_PWR_EnableWakeUpPin                           build/stm32f1xx_hal_pwr.o
HAL_PWR_EnterSLEEPMode                            build/stm32f1xx_hal_pwr.o
HAL_PWR_EnterSTANDBYMode                          build/stm32f1xx_hal_pwr.o
HAL_PWR_EnterSTOPMode                             build/stm32f1xx_hal_pwr.o
HAL_PWR_PVDCallback                               build/stm32f1xx_hal_pwr.o
HAL_PWR_PVD_IRQHandler                            build/stm32f1xx_hal_pwr.o
HAL_RCCEx_GetPeriphCLKConfig                      build/stm32f1xx_hal_rcc_ex.o
HAL_RCCEx_GetPeriphCLKFreq                        build/stm32f1xx_hal_rcc_ex.o
HAL_RCCEx_PeriphCLKConfig                         build/stm32f1xx_hal_rcc_ex.o
                                                  build/main.o
HAL_RCC_CSSCallback                               build/stm32f1xx_hal_rcc.o
HAL_RCC_ClockConfig                               build/stm32f1xx_hal_rcc.o
                                                  build/main.o
HAL_RCC_DeInit                                    build/stm32f1xx_hal_rcc.o
HAL_RCC_DisableCSS                                build/stm32f1xx_hal_rcc.o
HAL_RCC_EnableCSS                                 build/stm32f1xx_hal_rcc.o
HAL_RCC_GetClockConfig                            build/stm32f1xx_hal_rcc.o
HAL_RCC_GetHCLKFreq                               build/stm32f1xx_hal_rcc.o
                                                  build/main.o
HAL_RCC_GetOscConfig                              build/stm32f1xx_hal_rcc.o
HAL_RCC_GetPCLK1Freq                              build/stm32f1xx_hal_rcc.o
HAL_RCC_GetPCLK2Freq                              build/stm32f1xx_hal_rcc.o
                                                  build/stm32f1xx_hal_rcc_ex.o
HAL_RCC_GetSysClockFreq                           build/stm32f1xx_hal_rcc.o
                                                  build/stm32f1xx_hal_rcc_ex.o
HAL_RCC_MCOConfig                                 build/stm32f1xx_hal_rcc.o
HAL_RCC_NMI_IRQHandler                            build/stm32f1xx_hal_rcc.o
HAL_RCC_OscConfig                                 build/stm32f1xx_hal_rcc.o
                                                  build/main.o
HAL_ResumeTick                                    build/stm32f1xx_hal.o
HAL_SYSTICK_CLKSourceConfig                       build/stm32f1xx_hal_cortex.o
                                                  build/main.o
HAL_SYSTICK_Callback                              build/stm32f1xx_hal_cortex.o
HAL_SYSTICK_Config                                build/stm32f1xx_hal_cortex.o
                                                  build/stm32f1xx_hal.o
                                                  build/main.o
HAL_SYSTICK_IRQHandler                            build/stm32f1xx_hal_cortex.o
                                                  build/stm32f1xx_it.o
HAL_SetTickFreq                                   build/stm32f1xx_hal.o
HAL_SuspendTick                                   build/stm32f1xx_hal.o
HardFault_Handler                                 build/stm32f1xx_it.o
I2C1_ER_IRQHandler                                build/startup_stm32f103xe.o
I2C1_EV_IRQHandler                                build/startup_stm32f103xe.o
I2C2_ER_IRQHandler                                build/startup_stm32f103xe.o
I2C2_EV_IRQHandler                                build/startup_stm32f103xe.o
MX_USB_DEVICE_Init                                build/usb_device.o
MemManage_Handler                                 build/stm32f1xx_it.o
NMI_Handler                                       build/stm32f1xx_it.o
PVD_IRQHandler                                    build/startup_stm32f103xe.o
PendSV_Handler                                    build/stm32f1xx_it.o
RCC_IRQHandler                                    build/startup_stm32f103xe.o
RTC_Alarm_IRQHandler                              build/startup_stm32f103xe.o
RTC_IRQHandler                                    build/startup_stm32f103xe.o
Reset_Handler                                     build/startup_stm32f103xe.o
SDIO_IRQHandler                                   build/startup_stm32f103xe.o
SPI1_IRQHandler                                   build/startup_stm32f103xe.o
SPI2_IRQHandler                                   build/startup_stm32f103xe.o
SPI3_IRQHandler                                   build/startup_stm32f103xe.o
SVC_Handler                                       build/stm32f1xx_it.o
SysTick_Handler                                   build/stm32f1xx_it.o
SystemClock_Config                                build/main.o
SystemCoreClock                                   build/system_stm32f1xx.o
                                                  build/stm32f1xx_hal_rcc.o
                                                  build/stm32f1xx_hal.o
SystemCoreClockUpdate                             build/system_stm32f1xx.o
SystemInit                                        build/system_stm32f1xx.o
                                                  build/startup_stm32f103xe.o
TAMPER_IRQHandler                                 build/startup_stm32f103xe.o
TIM1_BRK_IRQHandler                               build/startup_stm32f103xe.o
TIM1_CC_IRQHandler                                build/startup_stm32f103xe.o
TIM1_TRG_COM_IRQHandler                           build/startup_stm32f103xe.o
TIM1_UP_IRQHandler                                build/startup_stm32f103xe.o
TIM2_IRQHandler                                   build/startup_stm32f103xe.o
TIM3_IRQHandler                                   build/startup_stm32f103xe.o
TIM4_IRQHandler                                   build/startup_stm32f103xe.o
TIM5_IRQHandler                                   build/startup_stm32f103xe.o
TIM6_IRQHandler                                   build/startup_stm32f103xe.o
TIM7_IRQHandler                                   build/startup_stm32f103xe.o
TIM8_BRK_IRQHandler                               build/startup_stm32f103xe.o
TIM8_CC_IRQHandler                                build/startup_stm32f103xe.o
TIM8_TRG_COM_IRQHandler                           build/startup_stm32f103xe.o
TIM8_UP_IRQHandler                                build/startup_stm32f103xe.o
UART4_IRQHandler                                  build/startup_stm32f103xe.o
UART5_IRQHandler                                  build/startup_stm32f103xe.o
USART1_IRQHandler                                 build/startup_stm32f103xe.o
USART2_IRQHandler                                 build/startup_stm32f103xe.o
USART3_IRQHandler                                 build/startup_stm32f103xe.o
USBD_CDC                                          build/usbd_cdc.o
                                                  build/usb_device.o
USBD_CDC_CfgFSDesc                                build/usbd_cdc.o
USBD_CDC_CfgHSDesc                                build/usbd_cdc.o
USBD_CDC_GetDeviceQualifierDescriptor             build/usbd_cdc.o
USBD_CDC_OtherSpeedCfgDesc                        build/usbd_cdc.o
USBD_CDC_ReceivePacket                            build/usbd_cdc.o
                                                  build/usbd_cdc_if.o
USBD_CDC_RegisterInterface                        build/usbd_cdc.o
                                                  build/usb_device.o
USBD_CDC_SetRxBuffer                              build/usbd_cdc.o
                                                  build/usbd_cdc_if.o
USBD_CDC_SetTxBuffer                              build/usbd_cdc.o
                                                  build/usbd_cdc_if.o
USBD_CDC_TransmitPacket                           build/usbd_cdc.o
                                                  build/usbd_cdc_if.o
USBD_ClrClassConfig                               build/usbd_core.o
                                                  build/usbd_ctlreq.o
USBD_CtlContinueRx                                build/usbd_ioreq.o
                                                  build/usbd_core.o
USBD_CtlContinueSendData                          build/usbd_ioreq.o
                                                  build/usbd_core.o
USBD_CtlError                                     build/usbd_ctlreq.o
USBD_CtlPrepareRx                                 build/usbd_ioreq.o
                                                  build/usbd_cdc.o
USBD_CtlReceiveStatus                             build/usbd_ioreq.o
                                                  build/usbd_core.o
USBD_CtlSendData                                  build/usbd_ioreq.o
                                                  build/usbd_cdc.o
                                                  build/usbd_ctlreq.o
USBD_CtlSendStatus                                build/usbd_ioreq.o
                                                  build/usbd_ctlreq.o
                                                  build/usbd_core.o
USBD_DeInit                                       build/usbd_core.o
USBD_FS_ConfigStrDescriptor                       build/usbd_desc.o
USBD_FS_DeviceDesc                                build/usbd_desc.o
USBD_FS_DeviceDescriptor                          build/usbd_desc.o
USBD_FS_InterfaceStrDescriptor                    build/usbd_desc.o
USBD_FS_LangIDStrDescriptor                       build/usbd_desc.o
USBD_FS_ManufacturerStrDescriptor                 build/usbd_desc.o
USBD_FS_ProductStrDescriptor                      build/usbd_desc.o
USBD_FS_SerialStrDescriptor                       build/usbd_desc.o
USBD_GetRxCount                                   build/usbd_ioreq.o
USBD_GetString                                    build/usbd_ctlreq.o
                                                  build/usbd_desc.o
USBD_Init                                         build/usbd_core.o
                                                  build/usb_device.o
USBD_Interface_fops_FS                            build/usbd_cdc_if.o
                                                  build/usb_device.o
USBD_LL_ClearStallEP                              build/usbd_conf.o
                                                  build/usbd_ctlreq.o
USBD_LL_CloseEP                                   build/usbd_conf.o
                                                  build/usbd_cdc.o
USBD_LL_DataInStage                               build/usbd_core.o
                                                  build/usbd_conf.o
USBD_LL_DataOutStage                              build/usbd_core.o
                                                  build/usbd_conf.o
USBD_LL_DeInit                                    build/usbd_conf.o
                                                  build/usbd_core.o
USBD_LL_Delay                                     build/usbd_conf.o
USBD_LL_DevConnected                              build/usbd_core.o
                                                  build/usbd_conf.o
USBD_LL_DevDisconnected                           build/usbd_core.o
                                                  build/usbd_conf.o
USBD_LL_FlushEP                                   build/usbd_conf.o
USBD_LL_GetRxDataSize                             build/usbd_conf.o
                                                  build/usbd_cdc.o
                                                  build/usbd_ioreq.o
USBD_LL_Init                                      build/usbd_conf.o
                                                  build/usbd_core.o
USBD_LL_IsStallEP                                 build/usbd_conf.o
                                                  build/usbd_ctlreq.o
USBD_LL_IsoINIncomplete                           build/usbd_core.o
                                                  build/usbd_conf.o
USBD_LL_IsoOUTIncomplete                          build/usbd_core.o
                                                  build/usbd_conf.o
USBD_LL_OpenEP                                    build/usbd_conf.o
                                                  build/usbd_cdc.o
                                                  build/usbd_core.o
USBD_LL_PrepareReceive                            build/usbd_conf.o
                                                  build/usbd_cdc.o
                                                  build/usbd_ioreq.o
                                                  build/usbd_core.o
USBD_LL_Reset                                     build/usbd_core.o
                                                  build/usbd_conf.o
USBD_LL_Resume                                    build/usbd_core.o
                                                  build/usbd_conf.o
USBD_LL_SOF                                       build/usbd_core.o
                                                  build/usbd_conf.o
USBD_LL_SetSpeed                                  build/usbd_core.o
                                                  build/usbd_conf.o
USBD_LL_SetUSBAddress                             build/usbd_conf.o
                                                  build/usbd_ctlreq.o
USBD_LL_SetupStage                                build/usbd_core.o
                                                  build/usbd_conf.o
USBD_LL_StallEP                                   build/usbd_conf.o
                                                  build/usbd_ctlreq.o
                                                  build/usbd_core.o
USBD_LL_Start                                     build/usbd_conf.o
                                                  build/usbd_core.o
USBD_LL_Stop                                      build/usbd_conf.o
                                                  build/usbd_core.o
USBD_LL_Suspend                                   build/usbd_core.o
                                                  build/usbd_conf.o
USBD_LL_Transmit                                  build/usbd_conf.o
                                                  build/usbd_cdc.o
                                                  build/usbd_ioreq.o
USBD_LangIDDesc                                   build/usbd_desc.o
USBD_ParseSetupRequest                            build/usbd_ctlreq.o
                                                  build/usbd_core.o
USBD_RegisterClass                                build/usbd_core.o
                                                  build/usb_device.o
USBD_RunTestMode                                  build/usbd_core.o
USBD_SetClassConfig                               build/usbd_core.o
                                                  build/usbd_ctlreq.o
USBD_Start                                        build/usbd_core.o
                                                  build/usb_device.o
USBD_StdDevReq                                    build/usbd_ctlreq.o
                                                  build/usbd_core.o
USBD_StdEPReq                                     build/usbd_ctlreq.o
                                                  build/usbd_core.o
USBD_StdItfReq                                    build/usbd_ctlreq.o
                                                  build/usbd_core.o
USBD_Stop                                         build/usbd_core.o
USBD_StrDesc                                      build/usbd_desc.o
USBD_static_free                                  build/usbd_conf.o
                                                  build/usbd_cdc.o
USBD_static_malloc                                build/usbd_conf.o
                                                  build/usbd_cdc.o
USBWakeUp_IRQHandler                              build/startup_stm32f103xe.o
USB_ActivateEndpoint                              build/stm32f1xx_ll_usb.o
                                                  build/stm32f1xx_hal_pcd.o
USB_ActivateRemoteWakeup                          build/stm32f1xx_ll_usb.o
                                                  build/stm32f1xx_hal_pcd.o
USB_ClearInterrupts                               build/stm32f1xx_ll_usb.o
USB_CoreInit                                      build/stm32f1xx_ll_usb.o
                                                  build/stm32f1xx_hal_pcd.o
USB_DeActivateRemoteWakeup                        build/stm32f1xx_ll_usb.o
                                                  build/stm32f1xx_hal_pcd.o
USB_DeactivateEndpoint                            build/stm32f1xx_ll_usb.o
                                                  build/stm32f1xx_hal_pcd.o
USB_DevConnect                                    build/stm32f1xx_ll_usb.o
                                                  build/stm32f1xx_hal_pcd.o
USB_DevDisconnect                                 build/stm32f1xx_ll_usb.o
                                                  build/stm32f1xx_hal_pcd.o
USB_DevInit                                       build/stm32f1xx_ll_usb.o
                                                  build/stm32f1xx_hal_pcd.o
USB_DisableGlobalInt                              build/stm32f1xx_ll_usb.o
                                                  build/stm32f1xx_hal_pcd.o
USB_EP0_OutStart                                  build/stm32f1xx_ll_usb.o
                                                  build/stm32f1xx_hal_pcd.o
USB_EPClearStall                                  build/stm32f1xx_ll_usb.o
                                                  build/stm32f1xx_hal_pcd.o
USB_EPSetStall                                    build/stm32f1xx_ll_usb.o
                                                  build/stm32f1xx_hal_pcd.o
USB_EPStartXfer                                   build/stm32f1xx_ll_usb.o
                                                  build/stm32f1xx_hal_pcd.o
USB_EnableGlobalInt                               build/stm32f1xx_ll_usb.o
                                                  build/stm32f1xx_hal_pcd.o
USB_FlushRxFifo                                   build/stm32f1xx_ll_usb.o
                                                  build/stm32f1xx_hal_pcd.o
USB_FlushTxFifo                                   build/stm32f1xx_ll_usb.o
                                                  build/stm32f1xx_hal_pcd.o
USB_HP_CAN1_TX_IRQHandler                         build/startup_stm32f103xe.o
USB_LP_CAN1_RX0_IRQHandler                        build/stm32f1xx_it.o
USB_ReadDevAllInEpInterrupt                       build/stm32f1xx_ll_usb.o
USB_ReadDevAllOutEpInterrupt                      build/stm32f1xx_ll_usb.o
USB_ReadDevInEPInterrupt                          build/stm32f1xx_ll_usb.o
USB_ReadDevOutEPInterrupt                         build/stm32f1xx_ll_usb.o
USB_ReadInterrupts                                build/stm32f1xx_ll_usb.o
                                                  build/stm32f1xx_hal_pcd.o
USB_ReadPMA                                       build/stm32f1xx_ll_usb.o
                                                  build/stm32f1xx_hal_pcd.o
USB_ReadPacket                                    build/stm32f1xx_ll_usb.o
USB_SetCurrentMode                                build/stm32f1xx_ll_usb.o
                                                  build/stm32f1xx_hal_pcd.o
USB_SetDevAddress                                 build/stm32f1xx_ll_usb.o
                                                  build/stm32f1xx_hal_pcd.o
USB_StopDevice                                    build/stm32f1xx_ll_usb.o
                                                  build/stm32f1xx_hal_pcd.o
USB_WritePMA                                      build/stm32f1xx_ll_usb.o
                                                  build/stm32f1xx_hal_pcd.o
USB_WritePacket                                   build/stm32f1xx_ll_usb.o
UsageFault_Handler                                build/stm32f1xx_it.o
UserRxBufferFS                                    build/usbd_cdc_if.o
UserTxBufferFS                                    build/usbd_cdc_if.o
WWDG_IRQHandler                                   build/startup_stm32f103xe.o
_Error_Handler                                    build/main.o
                                                  build/usbd_conf.o
__bss_end__                                       c:/program files (x86)/gnu tools arm embedded/8 2019-q3-update/bin/../lib/gcc/arm-none-eabi/8.3.1/../../../../arm-none-eabi/lib/thumb/v7-m/nofp/crt0.o
__bss_start__                                     c:/program files (x86)/gnu tools arm embedded/8 2019-q3-update/bin/../lib/gcc/arm-none-eabi/8.3.1/../../../../arm-none-eabi/lib/thumb/v7-m/nofp/crt0.o
__call_exitprocs                                  c:/program files (x86)/gnu tools arm embedded/8 2019-q3-update/bin/../lib/gcc/arm-none-eabi/8.3.1/../../../../arm-none-eabi/lib/thumb/v7-m/nofp\libc_nano.a(lib_a-exit.o)
__deregister_frame_info                           c:/program files (x86)/gnu tools arm embedded/8 2019-q3-update/bin/../lib/gcc/arm-none-eabi/8.3.1/thumb/v7-m/nofp/crtbegin.o
__dso_handle                                      c:/program files (x86)/gnu tools arm embedded/8 2019-q3-update/bin/../lib/gcc/arm-none-eabi/8.3.1/thumb/v7-m/nofp/crtbegin.o
__init_array_end                                  c:/program files (x86)/gnu tools arm embedded/8 2019-q3-update/bin/../lib/gcc/arm-none-eabi/8.3.1/../../../../arm-none-eabi/lib/thumb/v7-m/nofp\libc_nano.a(lib_a-init.o)
__init_array_start                                c:/program files (x86)/gnu tools arm embedded/8 2019-q3-update/bin/../lib/gcc/arm-none-eabi/8.3.1/../../../../arm-none-eabi/lib/thumb/v7-m/nofp\libc_nano.a(lib_a-init.o)
__libc_fini_array                                 c:/program files (x86)/gnu tools arm embedded/8 2019-q3-update/bin/../lib/gcc/arm-none-eabi/8.3.1/../../../../arm-none-eabi/lib/thumb/v7-m/nofp/crt0.o
__libc_init_array                                 c:/program files (x86)/gnu tools arm embedded/8 2019-q3-update/bin/../lib/gcc/arm-none-eabi/8.3.1/../../../../arm-none-eabi/lib/thumb/v7-m/nofp\libc_nano.a(lib_a-init.o)
                                                  build/startup_stm32f103xe.o
                                                  c:/program files (x86)/gnu tools arm embedded/8 2019-q3-update/bin/../lib/gcc/arm-none-eabi/8.3.1/../../../../arm-none-eabi/lib/thumb/v7-m/nofp/crt0.o
__preinit_array_end                               c:/program files (x86)/gnu tools arm embedded/8 2019-q3-update/bin/../lib/gcc/arm-none-eabi/8.3.1/../../../../arm-none-eabi/lib/thumb/v7-m/nofp\libc_nano.a(lib_a-init.o)
__preinit_array_start                             c:/program files (x86)/gnu tools arm embedded/8 2019-q3-update/bin/../lib/gcc/arm-none-eabi/8.3.1/../../../../arm-none-eabi/lib/thumb/v7-m/nofp\libc_nano.a(lib_a-init.o)
__register_frame_info                             c:/program files (x86)/gnu tools arm embedded/8 2019-q3-update/bin/../lib/gcc/arm-none-eabi/8.3.1/thumb/v7-m/nofp/crtbegin.o
__sf_fake_stderr                                  c:/program files (x86)/gnu tools arm embedded/8 2019-q3-update/bin/../lib/gcc/arm-none-eabi/8.3.1/../../../../arm-none-eabi/lib/thumb/v7-m/nofp\libc_nano.a(lib_a-impure.o)
__sf_fake_stdin                                   c:/program files (x86)/gnu tools arm embedded/8 2019-q3-update/bin/../lib/gcc/arm-none-eabi/8.3.1/../../../../arm-none-eabi/lib/thumb/v7-m/nofp\libc_nano.a(lib_a-impure.o)
__sf_fake_stdout                                  c:/program files (x86)/gnu tools arm embedded/8 2019-q3-update/bin/../lib/gcc/arm-none-eabi/8.3.1/../../../../arm-none-eabi/lib/thumb/v7-m/nofp\libc_nano.a(lib_a-impure.o)
__stack                                           c:/program files (x86)/gnu tools arm embedded/8 2019-q3-update/bin/../lib/gcc/arm-none-eabi/8.3.1/../../../../arm-none-eabi/lib/thumb/v7-m/nofp/crt0.o
_ebss                                             build/startup_stm32f103xe.o
_edata                                            build/startup_stm32f103xe.o
_estack                                           build/startup_stm32f103xe.o
_exit                                             c:/program files (x86)/gnu tools arm embedded/8 2019-q3-update/bin/../lib/gcc/arm-none-eabi/8.3.1/../../../../arm-none-eabi/lib/thumb/v7-m/nofp\libnosys.a(_exit.o)